Product: MDK-ARM Standard 5.10
Component: ARM Compiler 5.04 update 1 (build 49)
Tool: armlink [5040049]

==============================================================================

Small function inlining results

Inlined function __aeabi_idiv0 from aeabi_idiv0.o at offset 0x1e2 in aeabi_sdivfast.o(.text).
Inlined Instruction: BX       lr
Inlined function __aeabi_idiv0 from aeabi_idiv0.o at offset 0x1e2 in aeabi_sdivfast_div0.o(.text).
Inlined Instruction: BX       lr
Inlined function _platform_pre_stackheap_init from boardinit1.o at offset 0x0 in rtentry2.o(.ARM.Collect$$rtentry$$00000001).
Inlined Instruction: BX       lr
Inlined function _fp_init from fpinit.o at offset 0x0 in libinit2.o(.ARM.Collect$$libinit$$00000001).
Inlined Instruction: BX       lr
Inlined function _platform_pre_lib_shutdown from boardshut.o at offset 0x0 in rtexit2.o(.ARM.Collect$$rtexit$$00000001).
Inlined Instruction: BX       lr
Inlined function __ARM_get_argv from no_argv.o at offset 0x2 in argv_veneer.o(.text).
Inlined Instruction: BX       lr
Inlined total of 6 calls.

==============================================================================

Section Cross References

    main.o(i.SPIFlash_Initiate) refers to clk.o(i.CLK_EnableModuleClock) for CLK_EnableModuleClock
    main.o(i.SPIFlash_Initiate) refers to sys.o(i.SYS_ResetModule) for SYS_ResetModule
    main.o(i.SPIFlash_Initiate) refers to spiflash.o(i.SPIFlash_Open) for SPIFlash_Open
    main.o(i.SPIFlash_Initiate) refers to spiflash.o(i.SPIFlash_PowerDown) for SPIFlash_PowerDown
    main.o(i.SPIFlash_Initiate) refers to spiflash.o(i.SPIFlash_Read) for SPIFlash_Read
    main.o(i.SPIFlash_Initiate) refers to spiflash.o(i.SPIFlash_GetChipInfo) for SPIFlash_GetChipInfo
    main.o(i.SPIFlash_Initiate) refers to main.o(.bss) for g_sSpiFlash
    main.o(i.i2c_Init) refers to clk.o(i.CLK_EnableModuleClock) for CLK_EnableModuleClock
    main.o(i.i2c_Init) refers to sys.o(i.SYS_ResetModule) for SYS_ResetModule
    main.o(i.i2c_Init) refers to i2c.o(i.I2C_Open) for I2C_Open
    main.o(i.main) refers to sysclk.o(i.SysClk_InitiateRC) for SysClk_InitiateRC
    main.o(i.main) refers to clk.o(i.CLK_EnableLDO) for CLK_EnableLDO
    main.o(i.main) refers to main.o(i.SPIFlash_Initiate) for SPIFlash_Initiate
    main.o(i.main) refers to configio.o(i.OutputPin_Initiate) for OutputPin_Initiate
    main.o(i.main) refers to configio.o(i.InputKey_Initiate) for InputKey_Initiate
    main.o(i.main) refers to pdmactrl.o(i.PdmaCtrl_Init) for PdmaCtrl_Init
    main.o(i.main) refers to micspk.o(i.SPK_Open) for SPK_Open
    main.o(i.main) refers to micspk.o(i.MIC_Open) for MIC_Open
    main.o(i.main) refers to appfunctions.o(i.App_Initiate) for App_Initiate
    main.o(i.main) refers to main.o(i.i2c_Init) for i2c_Init
    main.o(i.main) refers to i2c.o(i.I2C_EnableInt) for I2C_EnableInt
    main.o(i.main) refers to main.o(i.NVIC_SetPriority) for NVIC_SetPriority
    main.o(i.main) refers to ly096bg30.o(i.Init_LCD) for Init_LCD
    main.o(i.main) refers to ly096bg30.o(i.clear_LCD) for clear_LCD
    main.o(i.main) refers to ly096bg30.o(i.print_Line) for print_Line
    main.o(i.main) refers to appfunctions.o(i.App_ProcessRec) for App_ProcessRec
    main.o(i.main) refers to appfunctions.o(i.App_StopRec) for App_StopRec
    main.o(i.main) refers to appfunctions.o(i.App_ProcessPlay) for App_ProcessPlay
    main.o(i.main) refers to appfunctions.o(i.App_StopPlay) for App_StopPlay
    main.o(i.main) refers to keypad.o(i.Keypad_ScanTgr) for Keypad_ScanTgr
    main.o(i.main) refers to main.o(.data) for g_u8AppCtrl
    appfunctions.o(i.App_Initiate) refers to playback.o(i.Playback_Initiate) for Playback_Initiate
    appfunctions.o(i.App_Initiate) refers to configio.o(i.OutputPin_Set) for OutputPin_Set
    appfunctions.o(i.App_Initiate) refers to main.o(.data) for g_u8AppCtrl
    appfunctions.o(i.App_PowerDown) refers to appfunctions.o(i.App_StopPlay) for App_StopPlay
    appfunctions.o(i.App_PowerDown) refers to appfunctions.o(i.App_StopRec) for App_StopRec
    appfunctions.o(i.App_PowerDown) refers to powerdown.o(i.PowerDown_Enter) for PowerDown_Enter
    appfunctions.o(i.App_PowerDown) refers to powerdown.o(i.PowerDown) for PowerDown
    appfunctions.o(i.App_PowerDown) refers to powerdown.o(i.PowerDown_Exit) for PowerDown_Exit
    appfunctions.o(i.App_ProcessPlay) refers to nuliteexapp_decode.o(i.NuLiteExApp_DecodeProcess) for NuLiteExApp_DecodeProcess
    appfunctions.o(i.App_ProcessPlay) refers to main.o(.bss) for g_sApp
    appfunctions.o(i.App_ProcessRec) refers to spiflashutil.o(i.SPIFlashUtil_WriteEncodeData) for SPIFlashUtil_WriteEncodeData
    appfunctions.o(i.App_ProcessRec) refers to nuliteexapp_encode.o(i.NuLiteExApp_EncodeProcess) for NuLiteExApp_EncodeProcess
    appfunctions.o(i.App_ProcessRec) refers to main.o(.bss) for g_sApp
    appfunctions.o(i.App_ProcessRec) refers to spiflashutil.o(.data) for g_u32SPIFlashRecAddr
[...]
    i.SPIFlashUtil_4KPagePartialWriteStart   0x00002a70   Section        0  spiflashutil.o(i.SPIFlashUtil_4KPagePartialWriteStart)
    i.SPIFlashUtil_4KPagePartialWriteWithWait 0x00002a84   Section        0  spiflashutil.o(i.SPIFlashUtil_4KPagePartialWriteWithWait)
    i.SPIFlashUtil_4KPagePartialWriting      0x00002aa0   Section        0  spiflashutil.o(i.SPIFlashUtil_4KPagePartialWriting)
    i.SPIFlashUtil_EndWriteEncodeData        0x00002b64   Section        0  spiflashutil.o(i.SPIFlashUtil_EndWriteEncodeData)
    i.SPIFlashUtil_WriteEncodeData           0x00002ba8   Section        0  spiflashutil.o(i.SPIFlashUtil_WriteEncodeData)
    i.SPIFlash_CheckBusy                     0x00002bde   Section        0  spiflash.o(i.SPIFlash_CheckBusy)
    i.SPIFlash_ChipWriteEnable               0x00002bec   Section        0  spiflash.o(i.SPIFlash_ChipWriteEnable)
    i.SPIFlash_Erase                         0x00002c08   Section        0  spiflash.o(i.SPIFlash_Erase)
    i.SPIFlash_EraseStart                    0x00002c30   Section        0  spiflash.o(i.SPIFlash_EraseStart)
    i.SPIFlash_GetChipInfo                   0x00002c48   Section        0  spiflash.o(i.SPIFlash_GetChipInfo)
    i.SPIFlash_Initiate                      0x00002d3c   Section        0  main.o(i.SPIFlash_Initiate)
    i.SPIFlash_Open                          0x00002dc4   Section        0  spiflash.o(i.SPIFlash_Open)
    i.SPIFlash_PowerDown                     0x00002e34   Section        0  spiflash.o(i.SPIFlash_PowerDown)
    i.SPIFlash_Read                          0x00002e48   Section        0  spiflash.o(i.SPIFlash_Read)
    i.SPIFlash_ReadData                      0x00002e66   Section        0  spiflash.o(i.SPIFlash_ReadData)
    i.SPIFlash_ReadDataCallback              0x00002f3c   Section        0  appcallback.o(i.SPIFlash_ReadDataCallback)
    i.SPIFlash_ReadEnd                       0x00002f58   Section        0  spiflash.o(i.SPIFlash_ReadEnd)
    i.SPIFlash_ReadStart                     0x00002f70   Section        0  spiflash.o(i.SPIFlash_ReadStart)
    i.SPIFlash_ReadStatusReg                 0x00002fde   Section        0  spiflash.o(i.SPIFlash_ReadStatusReg)
    i.SPIFlash_SendRecOneData                0x00002ff8   Section        0  spiflash.o(i.SPIFlash_SendRecOneData)
    i.SPIFlash_WaitReady                     0x0000304a   Section        0  spiflash.o(i.SPIFlash_WaitReady)
    i.SPIFlash_Write                         0x0000305c   Section        0  spiflash.o(i.SPIFlash_Write)
    i.SPIFlash_WriteData                     0x00003094   Section        0  spiflash.o(i.SPIFlash_WriteData)
    i.SPIFlash_WriteEnd                      0x0000319a   Section        0  spiflash.o(i.SPIFlash_WriteEnd)
    i.SPIFlash_WriteStart                    0x000031b2   Section        0  spiflash.o(i.SPIFlash_WriteStart)
    i.SPI_Close                              0x0000320c   Section        0  spi.o(i.SPI_Close)
    i.SPI_GetBusClock                        0x00003238   Section        0  spi.o(i.SPI_GetBusClock)
    i.SPI_Open                               0x00003250   Section        0  spi.o(i.SPI_Open)
    i.SPI_SetBusClock                        0x00003278   Section        0  spi.o(i.SPI_SetBusClock)
    i.SPI_SetVarClock                        0x000032c8   Section        0  spi.o(i.SPI_SetVarClock)
    i.SPK_ChangeSR                           0x00003310   Section        0  micspk.o(i.SPK_ChangeSR)
    i.SPK_Close                              0x0000334c   Section        0  micspk.o(i.SPK_Close)
    i.SPK_Open                               0x00003394   Section        0  micspk.o(i.SPK_Open)
    i.SPK_Start                              0x0000340c   Section        0  micspk.o(i.SPK_Start)
    i.SPK_Stop                               0x00003430   Section        0  micspk.o(i.SPK_Stop)
    i.SYS_Lock                               0x00003444   Section        0  sys.o(i.SYS_Lock)
    i.SYS_ResetModule                        0x00003454   Section        0  sys.o(i.SYS_ResetModule)
    i.SYS_Unlock                             0x00003484   Section        0  sys.o(i.SYS_Unlock)
    i.SysClk_InitiateRC                      0x000034b4   Section        0  sysclk.o(i.SysClk_InitiateRC)
    i.SystemCoreClockUpdate                  0x0000350c   Section        0  system_isd9100.o(i.SystemCoreClockUpdate)
    i.TIMER_GetModuleClock                   0x00003574   Section        0  timer.o(i.TIMER_GetModuleClock)
    i.TIMER_GetWorkingFreq                   0x000035d8   Section        0  timer.o(i.TIMER_GetWorkingFreq)
    i.TIMER_Open                             0x000035f8   Section        0  timer.o(i.TIMER_Open)
    i.TMR0_IRQHandler                        0x00003670   Section        0  interrupthandler.o(i.TMR0_IRQHandler)
    i.TMR1_IRQHandler                        0x00003680   Section        0  interrupthandler.o(i.TMR1_IRQHandler)
    i.UserEvent_ProcessCallback              0x00003698   Section        0  appcallback.o(i.UserEvent_ProcessCallback)
    i.WDT_IRQHandler                         0x0000369e   Section        0  interrupthandler.o(i.WDT_IRQHandler)
    i.__ARM_common_switch8                   0x000036a0   Section        0  pdma.o(i.__ARM_common_switch8)
    i.clear_LCD                              0x000036bc   Section        0  ly096bg30.o(i.clear_LCD)
    i.f_decode_vector_quantized_mlt_indices  0x000036e8   Section        0  nulitedecode.o(i.f_decode_vector_quantized_mlt_indices)
    f_decode_vector_quantized_mlt_indices    0x000036e9   Thumb Code   902  nulitedecode.o(i.f_decode_vector_quantized_mlt_indices)
    i.f_decoder                              0x00003a8c   Section        0  nulitedecode.o(i.f_decoder)
    f_decoder                                0x00003a8d   Thumb Code   510  nulitedecode.o(i.f_decoder)
    i.f_encoder                              0x00003c94   Section        0  nuliteencode.o(i.f_encoder)
    f_encoder                                0x00003c95   Thumb Code  1368  nuliteencode.o(i.f_encoder)
    i.f_rmlt_coefs_to_samples                0x000041f0   Section        0  nulitedecode.o(i.f_rmlt_coefs_to_samples)
    f_rmlt_coefs_to_samples                  0x000041f1   Thumb Code   908  nulitedecode.o(i.f_rmlt_coefs_to_samples)
    i.f_samples_to_rmlt_coefs                0x0000459c   Section        0  nuliteencode.o(i.f_samples_to_rmlt_coefs)
    f_samples_to_rmlt_coefs                  0x0000459d   Thumb Code   986  nuliteencode.o(i.f_samples_to_rmlt_coefs)
    i.f_vector_huffman                       0x0000498c   Section        0  nuliteencode.o(i.f_vector_huffman)
    f_vector_huffman                         0x0000498d   Thumb Code   352  nuliteencode.o(i.f_vector_huffman)
    i.i2c_Init                               0x00004b10   Section        0  main.o(i.i2c_Init)
    i.main                                   0x00004b5c   Section        0  main.o(i.main)
    i.oledWriteCommand                       0x00004c48   Section        0  ly096bg30.o(i.oledWriteCommand)
    i.oledWriteData                          0x00004c56   Section        0  ly096bg30.o(i.oledWriteData)
    i.oled_address                           0x00004c64   Section        0  ly096bg30.o(i.oled_address)
    i.print_C                                0x00004c90   Section        0  ly096bg30.o(i.print_C)
    i.print_Line                             0x00004cdc   Section        0  ly096bg30.o(i.print_Line)
    .constdata                               0x00004d00   Section       16  appcallback.o(.constdata)
    x$fpl$usenofp                            0x00004d00   Section        0  usenofp.o(x$fpl$usenofp)
    .constdata                               0x00004d10   Section      141  configio.o(.constdata)
    .constdata                               0x00004da0   Section       68  micspk.o(.constdata)
    .constdata                               0x00004de4   Section       52  playback.o(.constdata)
    .constdata                               0x00004e18   Section       20  timer.o(.constdata)
    .constdata                               0x00004e2c   Section     1212  nulitedecode.o(.constdata)
    t_noise_fill_factor                      0x00004e2c   Data           6  nulitedecode.o(.constdata)
    t_vector_dimension                       0x00004e32   Data           8  nulitedecode.o(.constdata)
    t_number_of_vectors                      0x00004e3a   Data           8  nulitedecode.o(.constdata)
    t_expected_bits_table                    0x00004e42   Data           8  nulitedecode.o(.constdata)
    t_max_bin                                0x00004e4a   Data           8  nulitedecode.o(.constdata)
    t_rmlt_to_samples_window_SUB             0x00004e52   Data         160  nulitedecode.o(.constdata)
    t_dct_core_s                             0x00004ef2   Data         200  nulitedecode.o(.constdata)
    tp_s_cos_msin_table                      0x00004fbc   Data          16  nulitedecode.o(.constdata)
    t_differential_region_power_decoder_tree 0x00004fcc   Data         368  nulitedecode.o(.constdata)
    t_int_region_standard_deviation_table    0x0000513c   Data         128  nulitedecode.o(.constdata)
    tp_table_of_decoder_tables_MIX           0x000051bc   Data          28  nulitedecode.o(.constdata)
    t_mlt_quant_centroid                     0x000051d8   Data         256  nulitedecode.o(.constdata)
    t_max_bin_plus_one_inverse               0x000052d8   Data          16  nulitedecode.o(.constdata)
    .constdata                               0x000052e8   Section       40  nulitedecode.o(.constdata)
    t_s_cos_msin_02                          0x000052e8   Data          40  nulitedecode.o(.constdata)
    .constdata                               0x00005310   Section       80  nulitedecode.o(.constdata)
    t_s_cos_msin_04                          0x00005310   Data          80  nulitedecode.o(.constdata)
    .constdata                               0x00005360   Section      160  nulitedecode.o(.constdata)
    t_s_cos_msin_08                          0x00005360   Data         160  nulitedecode.o(.constdata)
    .constdata                               0x00005400   Section      320  nulitedecode.o(.constdata)
    t_s_cos_msin_16                          0x00005400   Data         320  nulitedecode.o(.constdata)
    .constdata                               0x00005540   Section      540  nulitedecode.o(.constdata)
    t_mlt_decoder_tree_category_0_MIX        0x00005540   Data         540  nulitedecode.o(.constdata)
    .constdata                               0x0000575c   Section      279  nulitedecode.o(.constdata)
    t_mlt_decoder_tree_category_1_MIX        0x0000575c   Data         279  nulitedecode.o(.constdata)
    .constdata                               0x00005873   Section      141  nulitedecode.o(.constdata)
    t_mlt_decoder_tree_category_2_MIX        0x00005873   Data         141  nulitedecode.o(.constdata)
    .constdata                               0x00005900   Section     1557  nulitedecode.o(.constdata)
    t_mlt_decoder_tree_category_3_MIX        0x00005900   Data        1557  nulitedecode.o(.constdata)
    .constdata                               0x00005f15   Section      624  nulitedecode.o(.constdata)
    t_mlt_decoder_tree_category_4_MIX        0x00005f15   Data         624  nulitedecode.o(.constdata)
    .constdata                               0x00006185   Section      573  nulitedecode.o(.constdata)
    t_mlt_decoder_tree_category_5_MIX        0x00006185   Data         573  nulitedecode.o(.constdata)
    .constdata                               0x000063c2   Section       93  nulitedecode.o(.constdata)
    t_mlt_decoder_tree_category_6_MIX        0x000063c2   Data          93  nulitedecode.o(.constdata)
    .constdata                               0x00006420   Section     1360  nuliteencode.o(.constdata)
    t_max_bin                                0x00006420   Data           8  nuliteencode.o(.constdata)
    t_vector_dimension                       0x00006428   Data           8  nuliteencode.o(.constdata)
    t_number_of_vectors                      0x00006430   Data           8  nuliteencode.o(.constdata)
    t_int_dead_zone_low_bits                 0x00006438   Data           8  nuliteencode.o(.constdata)
    t_samples_to_rmlt_window                 0x00006440   Data         320  nuliteencode.o(.constdata)
    t_dct_core_a                             0x00006580   Data         200  nuliteencode.o(.constdata)
    tp_a_cos_msin_table                      0x00006648   Data          16  nuliteencode.o(.constdata)
    t_differential_region_power_bits         0x00006658   Data         192  nuliteencode.o(.constdata)
    t_differential_region_power_codes        0x00006718   Data         384  nuliteencode.o(.constdata)
    tp_table_of_bitcount_tables              0x00006898   Data          28  nuliteencode.o(.constdata)
    tp_table_of_code_tables                  0x000068b4   Data          28  nuliteencode.o(.constdata)
    t_step_size_inverse_table                0x000068d0   Data          16  nuliteencode.o(.constdata)
    t_standard_deviation_inverse_table       0x000068e0   Data         128  nuliteencode.o(.constdata)
    t_int_dead_zone                          0x00006960   Data          16  nuliteencode.o(.constdata)
    .constdata                               0x00006970   Section       40  nuliteencode.o(.constdata)
    t_a_cos_msin_02                          0x00006970   Data          40  nuliteencode.o(.constdata)
    .constdata                               0x00006998   Section       80  nuliteencode.o(.constdata)
    t_a_cos_msin_04                          0x00006998   Data          80  nuliteencode.o(.constdata)
    .constdata                               0x000069e8   Section      160  nuliteencode.o(.constdata)
    t_a_cos_msin_08                          0x000069e8   Data         160  nuliteencode.o(.constdata)
    .constdata                               0x00006a88   Section      320  nuliteencode.o(.constdata)
    t_a_cos_msin_16                          0x00006a88   Data         320  nuliteencode.o(.constdata)
    .constdata                               0x00006bc8   Section      196  nuliteencode.o(.constdata)
    t_mlt_sqvh_bitcount_category_0           0x00006bc8   Data         196  nuliteencode.o(.constdata)
    .constdata                               0x00006c8c   Section      100  nuliteencode.o(.constdata)
    t_mlt_sqvh_bitcount_category_1           0x00006c8c   Data         100  nuliteencode.o(.constdata)
    .constdata                               0x00006cf0   Section       49  nuliteencode.o(.constdata)
    t_mlt_sqvh_bitcount_category_2           0x00006cf0   Data          49  nuliteencode.o(.constdata)
    .constdata                               0x00006d21   Section      625  nuliteencode.o(.constdata)
    t_mlt_sqvh_bitcount_category_3           0x00006d21   Data         625  nuliteencode.o(.constdata)
    .constdata                               0x00006f92   Section      256  nuliteencode.o(.constdata)
    t_mlt_sqvh_bitcount_category_4           0x00006f92   Data         256  nuliteencode.o(.constdata)
    .constdata                               0x00007092   Section      243  nuliteencode.o(.constdata)
    t_mlt_sqvh_bitcount_category_5           0x00007092   Data         243  nuliteencode.o(.constdata)
    .constdata                               0x00007185   Section       32  nuliteencode.o(.constdata)
    t_mlt_sqvh_bitcount_category_6           0x00007185   Data          32  nuliteencode.o(.constdata)
    .constdata                               0x000071a6   Section      392  nuliteencode.o(.constdata)
    t_mlt_sqvh_code_category_0               0x000071a6   Data         392  nuliteencode.o(.constdata)
    .constdata                               0x0000732e   Section      200  nuliteencode.o(.constdata)
    t_mlt_sqvh_code_category_1               0x0000732e   Data         200  nuliteencode.o(.constdata)
    .constdata                               0x000073f6   Section       98  nuliteencode.o(.constdata)
    t_mlt_sqvh_code_category_2               0x000073f6   Data          98  nuliteencode.o(.constdata)
    .constdata                               0x00007458   Section     1250  nuliteencode.o(.constdata)
    t_mlt_sqvh_code_category_3               0x00007458   Data        1250  nuliteencode.o(.constdata)
    .constdata                               0x0000793a   Section      512  nuliteencode.o(.constdata)
    t_mlt_sqvh_code_category_4               0x0000793a   Data         512  nuliteencode.o(.constdata)
    .constdata                               0x00007b3a   Section      486  nuliteencode.o(.constdata)
    t_mlt_sqvh_code_category_5               0x00007b3a   Data         486  nuliteencode.o(.constdata)
    .constdata                               0x00007d20   Section       64  nuliteencode.o(.constdata)
    t_mlt_sqvh_code_category_6               0x00007d20   Data          64  nuliteencode.o(.constdata)
    STACK                                    0x20000000   Section     1024  startup_isd9100.o(STACK)
    Stack_Mem                                0x20000000   Data        1024  startup_isd9100.o(STACK)
    .data                                    0x20000400   Section        1  main.o(.data)
    __initial_sp                             0x20000400   Data           0  startup_isd9100.o(STACK)
    .data                                    0x20000404   Section       16  i2c0int.o(.data)
    .data                                    0x20000414   Section       28  system_isd9100.o(.data)
    .data                                    0x20000430   Section       22  playback.o(.data)
    s_u8PlayCtrl                             0x20000430   Data           1  playback.o(.data)
    s_u8FlaushCnt                            0x20000445   Data           1  playback.o(.data)
    .data                                    0x20000448   Section        8  record.o(.data)
    s_pi16AdcBuf                             0x20000448   Data           4  record.o(.data)
    .data                                    0x20000450   Section       21  spiflashutil.o(.data)
    u8SPiFlashCtrl                           0x20000464   Data           1  spiflashutil.o(.data)
    .data                                    0x20000466   Section       10  keypad.o(.data)
    s_u16TgrDebounceCounter                  0x20000466   Data           2  keypad.o(.data)
    s_u16KeyDebounceCounter                  0x20000468   Data           2  keypad.o(.data)
    s_u8CapSenseIRQFlag                      0x2000046a   Data           1  keypad.o(.data)
    .data                                    0x20000470   Section     1520  ly096bg30.o(.data)
    .bss                                     0x20000a60   Section     1788  main.o(.bss)
    .bss                                     0x2000115c   Section       32  interrupthandler.o(.bss)
    .bss                                     0x2000117c   Section      120  keypad.o(.bss)
    s_sKeypadKeyCtrlHandler                  0x2000117c   Data          32  keypad.o(.bss)
    s_sKeypadTgrCtrlHandler                  0x2000119c   Data          20  keypad.o(.bss)
    s_sKeypadTouchCtrlHandler                0x200011b0   Data          68  keypad.o(.bss)
    .bss                                     0x200011f4   Section       96  libspace.o(.bss)
    HEAP                                     0x20001258   Section      512  startup_isd9100.o(HEAP)
    Heap_Mem                                 0x20001258   Data         512  startup_isd9100.o(HEAP)

    Global Symbols

    Symbol Name                              Value     Ov Type        Size  Object(Section)

    BuildAttributes$$THM_ISAv3M$S$PE$A:L22$X:L11$S22$IEEE1$IW$USESV6$~STKCKD$USESV7$~SHL$OTIME$ROPI$EBA8$UX$STANDARDLIB$REQ8$PRES8$EABIv2 0x00000000   Number         0  anon$$obj.o ABSOLUTE
    __ARM_use_no_argv                        0x00000000   Number         0  main.o ABSOLUTE
    __Vectors                                0x00000000   Data           4  startup_isd9100.o(RESET)
    _printf_flags                            0x00000000   Number         0  printf_stubs.o ABSOLUTE
    _printf_return_value                     0x00000000   Number         0  printf_stubs.o ABSOLUTE
    _printf_sizespec                         0x00000000   Number         0  printf_stubs.o ABSOLUTE
    _printf_widthprec                        0x00000000   Number         0  printf_stubs.o ABSOLUTE
    __ARM_exceptions_init                     - Undefined Weak Reference
    __alloca_initialize                       - Undefined Weak Reference
    __cpp_initialize__aeabi_                  - Undefined Weak Reference
    __cxa_finalize                            - Undefined Weak Reference
    __rt_locale                               - Undefined Weak Reference
    __sigvec_lookup                           - Undefined Weak Reference
    _atexit_init                              - Undefined Weak Reference
    _call_atexit_fns                          - Undefined Weak Reference
    _clock_init                               - Undefined Weak Reference
    _fp_trap_init                             - Undefined Weak Reference
    _fp_trap_shutdown                         - Undefined Weak Reference
    _get_lc_collate                           - Undefined Weak Reference
    _get_lc_ctype                             - Undefined Weak Reference
    _get_lc_monetary                          - Undefined Weak Reference
    _get_lc_numeric                           - Undefined Weak Reference
    _get_lc_time                              - Undefined Weak Reference
    _getenv_init                              - Undefined Weak Reference
    _handle_redirection                       - Undefined Weak Reference
    _init_alloc                               - Undefined Weak Reference
    _init_user_alloc                          - Undefined Weak Reference
    _initio                                   - Undefined Weak Reference
    _printf_post_padding                      - Undefined Weak Reference
    _printf_pre_padding                       - Undefined Weak Reference
    _printf_truncate_unsigned                 - Undefined Weak Reference
    _rand_init                                - Undefined Weak Reference
    _signal_finish                            - Undefined Weak Reference
    _signal_init                              - Undefined Weak Reference
    _terminate_alloc                          - Undefined Weak Reference
    _terminate_user_alloc                     - Undefined Weak Reference
    _terminateio                              - Undefined Weak Reference
    __main                                   0x000000c1   Thumb Code     8  __main.o(!!!main)
    __scatterload                            0x000000c9   Thumb Code     0  __scatter.o(!!!scatter)
    __scatterload_rt2                        0x000000c9   Thumb Code    52  __scatter.o(!!!scatter)
    __scatterload_rt2_thumb_only             0x000000c9   Thumb Code     0  __scatter.o(!!!scatter)
    __scatterload_null                       0x000000d9   Thumb Code     0  __scatter.o(!!!scatter)
    __scatterload_copy                       0x00000105   Thumb Code    26  __scatter_copy.o(!!handler_copy)
    __scatterload_zeroinit                   0x00000121   Thumb Code    28  __scatter_zi.o(!!handler_zi)
    __rt_lib_init                            0x0000013d   Thumb Code     0  libinit.o(.ARM.Collect$$libinit$$00000000)
    __rt_lib_init_fp_1                       0x0000013f   Thumb Code     0  libinit2.o(.ARM.Collect$$libinit$$00000001)
    __rt_lib_init_alloca_1                   0x00000143   Thumb Code     0  libinit2.o(.ARM.Collect$$libinit$$0000002C)
    __rt_lib_init_argv_1                     0x00000143   Thumb Code     0  libinit2.o(.ARM.Collect$$libinit$$0000002A)
    __rt_lib_init_atexit_1                   0x00000143   Thumb Code     0  libinit2.o(.ARM.Collect$$libinit$$00000019)
    __rt_lib_init_clock_1                    0x00000143   Thumb Code     0  libinit2.o(.ARM.Collect$$libinit$$0000001F)
    __rt_lib_init_cpp_1                      0x00000143   Thumb Code     0  libinit2.o(.ARM.Collect$$libinit$$00000030)
    __rt_lib_init_exceptions_1               0x00000143   Thumb Code     0  libinit2.o(.ARM.Collect$$libinit$$0000002E)
    __rt_lib_init_fp_trap_1                  0x00000143   Thumb Code     0  libinit2.o(.ARM.Collect$$libinit$$0000001D)
    __rt_lib_init_getenv_1                   0x00000143   Thumb Code     0  libinit2.o(.ARM.Collect$$libinit$$00000021)
    __rt_lib_init_heap_1                     0x00000143   Thumb Code     0  libinit2.o(.ARM.Collect$$libinit$$00000008)
    __rt_lib_init_lc_collate_1               0x00000143   Thumb Code     0  libinit2.o(.ARM.Collect$$libinit$$0000000F)
    __rt_lib_init_lc_ctype_1                 0x00000143   Thumb Code     0  libinit2.o(.ARM.Collect$$libinit$$00000011)
    __rt_lib_init_lc_monetary_1              0x00000143   Thumb Code     0  libinit2.o(.ARM.Collect$$libinit$$00000013)
    __rt_lib_init_lc_numeric_1               0x00000143   Thumb Code     0  libinit2.o(.ARM.Collect$$libinit$$00000015)
    __rt_lib_init_lc_time_1                  0x00000143   Thumb Code     0  libinit2.o(.ARM.Collect$$libinit$$00000017)
    __rt_lib_init_rand_1                     0x00000143   Thumb Code     0  libinit2.o(.ARM.Collect$$libinit$$0000000C)
    __rt_lib_init_return                     0x00000143   Thumb Code     0  libinit2.o(.ARM.Collect$$libinit$$00000031)
    __rt_lib_init_signal_1                   0x00000143   Thumb Code     0  libinit2.o(.ARM.Collect$$libinit$$0000001B)
    __rt_lib_init_stdio_1                    0x00000143   Thumb Code     0  libinit2.o(.ARM.Collect$$libinit$$00000023)
    __rt_lib_init_user_alloc_1               0x00000143   Thumb Code     0  libinit2.o(.ARM.Collect$$libinit$$0000000A)
    __rt_lib_shutdown                        0x00000145   Thumb Code     0  libshutdown.o(.ARM.Collect$$libshutdown$$00000000)
    __rt_lib_shutdown_fp_trap_1              0x00000147   Thumb Code     0  libshutdown2.o(.ARM.Collect$$libshutdown$$00000006)
    __rt_lib_shutdown_heap_1                 0x00000147   Thumb Code     0  libshutdown2.o(.ARM.Collect$$libshutdown$$0000000E)
    __rt_lib_shutdown_return                 0x00000147   Thumb Code     0  libshutdown2.o(.ARM.Collect$$libshutdown$$0000000F)
    __rt_lib_shutdown_signal_1               0x00000147   Thumb Code     0  libshutdown2.o(.ARM.Collect$$libshutdown$$00000009)
    __rt_lib_shutdown_stdio_1                0x00000147   Thumb Code     0  libshutdown2.o(.ARM.Collect$$libshutdown$$00000003)
    __rt_lib_shutdown_user_alloc_1           0x00000147   Thumb Code     0  libshutdown2.o(.ARM.Collect$$libshutdown$$0000000B)
    __rt_entry                               0x00000149   Thumb Code     0  rtentry.o(.ARM.Collect$$rtentry$$00000000)
    __rt_entry_presh_1                       0x00000149   Thumb Code     0  rtentry2.o(.ARM.Collect$$rtentry$$00000002)
    __rt_entry_sh                            0x00000149   Thumb Code     0  rtentry4.o(.ARM.Collect$$rtentry$$00000004)
    __rt_entry_li                            0x0000014f   Thumb Code     0  rtentry2.o(.ARM.Collect$$rtentry$$0000000A)
    __rt_entry_postsh_1                      0x0000014f   Thumb Code     0  rtentry2.o(.ARM.Collect$$rtentry$$00000009)
    __rt_entry_main                          0x00000153   Thumb Code     0  rtentry2.o(.ARM.Collect$$rtentry$$0000000D)
    __rt_entry_postli_1                      0x00000153   Thumb Code     0  rtentry2.o(.ARM.Collect$$rtentry$$0000000C)
    __rt_exit                                0x0000015b   Thumb Code     0  rtexit.o(.ARM.Collect$$rtexit$$00000000)
    __rt_exit_ls                             0x0000015d   Thumb Code     0  rtexit2.o(.ARM.Collect$$rtexit$$00000003)
    __rt_exit_prels_1                        0x0000015d   Thumb Code     0  rtexit2.o(.ARM.Collect$$rtexit$$00000002)
    __rt_exit_exit                           0x00000161   Thumb Code     0  rtexit2.o(.ARM.Collect$$rtexit$$00000004)
    __aeabi_memcpy4                          0x00000169   Thumb Code    56  rt_memcpy.o(.emb_text)
    __aeabi_memcpy8                          0x00000169   Thumb Code     0  rt_memcpy.o(.emb_text)
    Reset_Handler                            0x000001a1   Thumb Code    28  startup_isd9100.o(.text)
    NMI_Handler                              0x000001bd   Thumb Code     2  startup_isd9100.o(.text)
    HardFault_Handler                        0x000001bf   Thumb Code     2  startup_isd9100.o(.text)
    SVC_Handler                              0x000001c1   Thumb Code     2  startup_isd9100.o(.text)
    PendSV_Handler                           0x000001c3   Thumb Code     2  startup_isd9100.o(.text)
    SysTick_Handler                          0x000001c5   Thumb Code     2  startup_isd9100.o(.text)
    ACMP_IRQHandler                          0x000001c7   Thumb Code     0  startup_isd9100.o(.text)
    ADC_IRQHandler                           0x000001c7   Thumb Code     0  startup_isd9100.o(.text)
    ALC_IRQHandler                           0x000001c7   Thumb Code     0  startup_isd9100.o(.text)
    BOD_IRQHandler                           0x000001c7   Thumb Code     0  startup_isd9100.o(.text)
    EINT0_IRQHandler                         0x000001c7   Thumb Code     0  startup_isd9100.o(.text)
    EINT1_IRQHandler                         0x000001c7   Thumb Code     0  startup_isd9100.o(.text)
    I2S_IRQHandler                           0x000001c7   Thumb Code     0  startup_isd9100.o(.text)
    PWM0_IRQHandler                          0x000001c7   Thumb Code     0  startup_isd9100.o(.text)
    SPI0_IRQHandler                          0x000001c7   Thumb Code     0  startup_isd9100.o(.text)
    TALARM_IRQHandler                        0x000001c7   Thumb Code     0  startup_isd9100.o(.text)
    UART0_IRQHandler                         0x000001c7   Thumb Code     0  startup_isd9100.o(.text)
    __user_initial_stackheap                 0x000001c9   Thumb Code     0  startup_isd9100.o(.text)
    strlen                                   0x00000201   Thumb Code    62  strlen.o(.text)
    _memset_w                                0x00000245   Thumb Code    26  rt_memclr.o(.text)
    _memset                                  0x0000025f   Thumb Code    30  rt_memclr.o(.text)
    __aeabi_memclr                           0x0000027d   Thumb Code     4  rt_memclr.o(.text)
    __rt_memclr                              0x0000027d   Thumb Code     0  rt_memclr.o(.text)
    __aeabi_memclr4                          0x00000281   Thumb Code     0  rt_memclr.o(.text)
    __aeabi_memclr8                          0x00000281   Thumb Code     0  rt_memclr.o(.text)
    __rt_memclr_w                            0x00000281   Thumb Code     4  rt_memclr.o(.text)
    __aeabi_uidiv                            0x00000285   Thumb Code     0  aeabi_sdivfast.o(.text)
    __aeabi_uidivmod                         0x00000285   Thumb Code    28  aeabi_sdivfast.o(.text)
    __aeabi_idiv                             0x000002a1   Thumb Code     0  aeabi_sdivfast.o(.text)
    __aeabi_idivmod                          0x000002a1   Thumb Code   460  aeabi_sdivfast.o(.text)
    __use_two_region_memory                  0x0000046d   Thumb Code     2  heapauxi.o(.text)
    __rt_heap_escrow$2region                 0x0000046f   Thumb Code     2  heapauxi.o(.text)
    __rt_heap_expand$2region                 0x00000471   Thumb Code     2  heapauxi.o(.text)
    __aeabi_d2uiz                            0x00000475   Thumb Code     0  dfixui.o(.text)
    _dfixu                                   0x00000475   Thumb Code    64  dfixui.o(.text)
    __aeabi_i2d_normalise                    0x000004b9   Thumb Code    66  dflti.o(.text)
    __aeabi_i2d                              0x000004fb   Thumb Code    16  dflti.o(.text)
    _dflt                                    0x000004fb   Thumb Code     0  dflti.o(.text)
    __aeabi_ui2d                             0x0000050b   Thumb Code     6  dflti.o(.text)
    _dfltu                                   0x0000050b   Thumb Code     0  dflti.o(.text)
    __aeabi_dmul                             0x00000511   Thumb Code     0  dmul.o(.text)
    _dmul                                    0x00000511   Thumb Code   592  dmul.o(.text)
    __user_setup_stackheap                   0x00000779   Thumb Code    62  sys_stackheap_outer.o(.text)
    exit                                     0x000007b7   Thumb Code    12  exit.o(.text)
    __user_libspace                          0x000007c5   Thumb Code     8  libspace.o(.text)
    __user_perproc_libspace                  0x000007c5   Thumb Code     0  libspace.o(.text)
    __user_perthread_libspace                0x000007c5   Thumb Code     0  libspace.o(.text)
    _sys_exit                                0x000007cd   Thumb Code     8  sys_exit.o(.text)
    __I$use$semihosting                      0x000007d9   Thumb Code     0  use_no_semi.o(.text)
    __use_no_semihosting_swi                 0x000007d9   Thumb Code     2  use_no_semi.o(.text)
    ADC_Close                                0x000007db   Thumb Code     2  adc.o(i.ADC_Close)
    __semihosting_library_function           0x000007db   Thumb Code     0  indicate_semi.o(.text)
    ADC_DisableInt                           0x000007dd   Thumb Code    82  adc.o(i.ADC_DisableInt)
    ADC_DisableMICBias                       0x00000839   Thumb Code    10  adc.o(i.ADC_DisableMICBias)
    ADC_EnableMICBias                        0x00000849   Thumb Code    14  adc.o(i.ADC_EnableMICBias)
    ADC_Open                                 0x0000085d   Thumb Code     2  adc.o(i.ADC_Open)
    ADC_SetAMUX                              0x00000861   Thumb Code    86  adc.o(i.ADC_SetAMUX)
    ADC_SetPGAGaindB                         0x000008c1   Thumb Code    52  adc.o(i.ADC_SetPGAGaindB)
    App_Initiate                             0x00000901   Thumb Code    26  appfunctions.o(i.App_Initiate)
    App_PowerDown                            0x00000925   Thumb Code    24  appfunctions.o(i.App_PowerDown)
    App_ProcessPlay                          0x0000093d   Thumb Code    30  appfunctions.o(i.App_ProcessPlay)
    App_ProcessRec                           0x00000961   Thumb Code    34  appfunctions.o(i.App_ProcessRec)
    App_StartPlay                            0x00000995   Thumb Code    50  appfunctions.o(i.App_StartPlay)
    App_StartRec                             0x000009d5   Thumb Code    58  appfunctions.o(i.App_StartRec)
    App_StopPlay                             0x00000a21   Thumb Code    26  appfunctions.o(i.App_StopPlay)
    App_StopRec                              0x00000a45   Thumb Code    28  appfunctions.o(i.App_StopRec)
    BIQ_Reset                                0x00000a9d   Thumb Code    26  biq.o(i.BIQ_Reset)
    BIQ_SetCoeff                             0x00000abd   Thumb Code   102  biq.o(i.BIQ_SetCoeff)
    BufCtrl_WriteWithCount                   0x00000b29   Thumb Code    42  bufctrl.o(i.BufCtrl_WriteWithCount)
    CAPS_IRQHandler                          0x00000b55   Thumb Code    16  interrupthandler.o(i.CAPS_IRQHandler)
    CLK_DeepSleep                            0x00000b69   Thumb Code    54  clk.o(i.CLK_DeepSleep)
    CLK_DisableLDO                           0x00000bad   Thumb Code    28  clk.o(i.CLK_DisableLDO)
    CLK_DisableModuleClock                   0x00000bcd   Thumb Code    32  clk.o(i.CLK_DisableModuleClock)
    CLK_EnableLDO                            0x00000bf1   Thumb Code    56  clk.o(i.CLK_EnableLDO)
    CLK_EnableModuleClock                    0x00000c31   Thumb Code    32  clk.o(i.CLK_EnableModuleClock)
    CLK_EnableXtalRC                         0x00000c55   Thumb Code    28  clk.o(i.CLK_EnableXtalRC)
    CLK_GetHCLKFreq                          0x00000c75   Thumb Code    12  clk.o(i.CLK_GetHCLKFreq)
    CLK_SetHCLK                              0x00000c85   Thumb Code    66  clk.o(i.CLK_SetHCLK)
    CLK_SetModuleClock                       0x00000ccd   Thumb Code    94  clk.o(i.CLK_SetModuleClock)
    CLK_SetSysTickClockSrc                   0x00000d31   Thumb Code    32  clk.o(i.CLK_SetSysTickClockSrc)
    CLK_SysTickDelay                         0x00000d55   Thumb Code    36  clk.o(i.CLK_SysTickDelay)
    DPWM_Open                                0x00000d81   Thumb Code     2  dpwm.o(i.DPWM_Open)
    DPWM_SetSampleRate                       0x00000d85   Thumb Code    52  dpwm.o(i.DPWM_SetSampleRate)
    Default_KeyHandler                       0x00000dc1   Thumb Code    50  inputkeyactions.o(i.Default_KeyHandler)
    GPAB_IRQHandler                          0x00000df9   Thumb Code    26  interrupthandler.o(i.GPAB_IRQHandler)
    GPIO_DisableInt                          0x00000e1d   Thumb Code    22  gpio.o(i.GPIO_DisableInt)
    GPIO_EnableInt                           0x00000e39   Thumb Code    26  gpio.o(i.GPIO_EnableInt)
    GPIO_SetMode                             0x00000e53   Thumb Code    46  gpio.o(i.GPIO_SetMode)
    I2C0_IRQHandler                          0x00000e81   Thumb Code    48  i2c0int.o(i.I2C0_IRQHandler)
    I2C_ClearTimeoutFlag                     0x00000eb9   Thumb Code    10  i2c.o(i.I2C_ClearTimeoutFlag)
    I2C_EnableInt                            0x00000ec3   Thumb Code    10  i2c.o(i.I2C_EnableInt)
    I2C_MasterTx                             0x00000ecd   Thumb Code   202  i2c0int.o(i.I2C_MasterTx)
    I2C_Open                                 0x00000fb1   Thumb Code    58  i2c.o(i.I2C_Open)
    Init_LCD                                 0x00000ff1   Thumb Code   172  ly096bg30.o(i.Init_LCD)
    InputKey_Change                          0x0000109d   Thumb Code    26  configio.o(i.InputKey_Change)
    InputKey_Initiate                        0x000010c1   Thumb Code   198  configio.o(i.InputKey_Initiate)
    Keypad_InitKeypad                        0x000011a5   Thumb Code    14  keypad.o(i.Keypad_InitKeypad)
    Keypad_InitTgr                           0x000011bd   Thumb Code    42  keypad.o(i.Keypad_InitTgr)
    Keypad_ResetTgr                          0x000011f1   Thumb Code    14  keypad.o(i.Keypad_ResetTgr)
    Keypad_ScanTgr                           0x00001209   Thumb Code    84  keypad.o(i.Keypad_ScanTgr)
    Keypad_ScanTgrPort                       0x00001269   Thumb Code    76  keypad.o(i.Keypad_ScanTgrPort)
    Keypad_TgrDecDebounceCounter             0x000012bd   Thumb Code    30  keypad.o(i.Keypad_TgrDecDebounceCounter)
    Keypad_TgrMapHandler                     0x000012e5   Thumb Code    94  keypad.o(i.Keypad_TgrMapHandler)
    MIC_ChangeSR                             0x0000134d   Thumb Code    98  micspk.o(i.MIC_ChangeSR)
    MIC_Close                                0x000013bd   Thumb Code    66  micspk.o(i.MIC_Close)
    MIC_Open                                 0x0000140d   Thumb Code   182  micspk.o(i.MIC_Open)
    MIC_Start                                0x000014dd   Thumb Code     8  micspk.o(i.MIC_Start)
    MIC_Stop                                 0x000014e9   Thumb Code    10  micspk.o(i.MIC_Stop)
    NuLiteExApp_DecodeInitiate               0x000015ad   Thumb Code    44  nuliteexapp_decode.o(i.NuLiteExApp_DecodeInitiate)
    NuLiteExApp_DecodeProcess                0x000015d9   Thumb Code   194  nuliteexapp_decode.o(i.NuLiteExApp_DecodeProcess)
    NuLiteExApp_DecodeStartPlayByAddr        0x000016a1   Thumb Code   140  nuliteexapp_decode.o(i.NuLiteExApp_DecodeStartPlayByAddr)
    NuLiteExApp_DecodeStopPlay               0x00001731   Thumb Code    30  nuliteexapp_decode.o(i.NuLiteExApp_DecodeStopPlay)
    NuLiteExApp_EncodeEnd                    0x0000174f   Thumb Code    22  nuliteexapp_encode.o(i.NuLiteExApp_EncodeEnd)
    NuLiteExApp_EncodeInitiate               0x00001765   Thumb Code    68  nuliteexapp_encode.o(i.NuLiteExApp_EncodeInitiate)
    NuLiteExApp_EncodeProcess                0x000017ad   Thumb Code   134  nuliteexapp_encode.o(i.NuLiteExApp_EncodeProcess)
    NuLiteExApp_EncodeStart                  0x00001839   Thumb Code   136  nuliteexapp_encode.o(i.NuLiteExApp_EncodeStart)
    NuLiteEx_DecodeInitiate                  0x000018c5   Thumb Code   180  nuliteex.o(i.NuLiteEx_DecodeInitiate)
    NuLiteEx_DecodeIsEnd                     0x0000197d   Thumb Code    16  nuliteex.o(i.NuLiteEx_DecodeIsEnd)
    NuLiteEx_DecodeProcess                   0x0000198d   Thumb Code   212  nuliteex.o(i.NuLiteEx_DecodeProcess)
    NuLiteEx_EncodeInitiate                  0x00001a61   Thumb Code    32  nuliteex.o(i.NuLiteEx_EncodeInitiate)
    NuLiteEx_EncodeProcess                   0x00001a81   Thumb Code    58  nuliteex.o(i.NuLiteEx_EncodeProcess)
    NuLiteXCodec_DecodeInitial               0x00001abb   Thumb Code    40  nulitedecode.o(i.NuLiteXCodec_DecodeInitial)
    NuLiteXCodec_DecodeProcess               0x00001ae3   Thumb Code    48  nulitedecode.o(i.NuLiteXCodec_DecodeProcess)
    NuLiteXCodec_EncodeInitial               0x00001b13   Thumb Code    26  nuliteencode.o(i.NuLiteXCodec_EncodeInitial)
    NuLiteXCodec_EncodeProcess               0x00001b2d   Thumb Code    20  nuliteencode.o(i.NuLiteXCodec_EncodeProcess)
    NuLiteXCodec_f_categorize                0x00001b41   Thumb Code   640  nulitedecode.o(i.NuLiteXCodec_f_categorize)
    OLED_SingleWrite                         0x00001dc5   Thumb Code    82  ly096bg30.o(i.OLED_SingleWrite)
    OutputPin_Initiate                       0x00001e3d   Thumb Code    28  configio.o(i.OutputPin_Initiate)
    OutputPin_Set                            0x00001e5d   Thumb Code    20  configio.o(i.OutputPin_Set)
    PDMA_DisableInt                          0x00001e71   Thumb Code    16  pdma.o(i.PDMA_DisableInt)
    PDMA_EnableInt                           0x00001e85   Thumb Code    16  pdma.o(i.PDMA_EnableInt)
    PDMA_IRQHandler                          0x00001e99   Thumb Code    52  interrupthandler.o(i.PDMA_IRQHandler)
    PDMA_Open                                0x00001edd   Thumb Code    14  pdma.o(i.PDMA_Open)
    PDMA_SetTransferAddr                     0x00001ef1   Thumb Code    30  pdma.o(i.PDMA_SetTransferAddr)
    PDMA_SetTransferCnt                      0x00001f15   Thumb Code    66  pdma.o(i.PDMA_SetTransferCnt)
    PDMA_SetTransferDirection                0x00001f5d   Thumb Code    20  pdma.o(i.PDMA_SetTransferDirection)
    PDMA_SetTransferMode                     0x00001f75   Thumb Code   228  pdma.o(i.PDMA_SetTransferMode)
    PDMA_Trigger                             0x0000205d   Thumb Code    16  pdma.o(i.PDMA_Trigger)
    PdmaCtrl_Close                           0x00002075   Thumb Code    38  pdmactrl.o(i.PdmaCtrl_Close)
    PdmaCtrl_Init                            0x000020a5   Thumb Code    34  pdmactrl.o(i.PdmaCtrl_Init)
    PdmaCtrl_Open                            0x000020cd   Thumb Code   148  pdmactrl.o(i.PdmaCtrl_Open)
    PdmaCtrl_Start                           0x00002169   Thumb Code    42  pdmactrl.o(i.PdmaCtrl_Start)
    PdmaCtrl_Stop                            0x00002199   Thumb Code    22  pdmactrl.o(i.PdmaCtrl_Stop)
    PdmaCtrl_UnInit                          0x000021b5   Thumb Code    28  pdmactrl.o(i.PdmaCtrl_UnInit)
    Playback_Add                             0x000021d5   Thumb Code    58  playback.o(i.Playback_Add)
    Playback_AdjustVolumeDBStep              0x00002215   Thumb Code    62  playback.o(i.Playback_AdjustVolumeDBStep)
    Playback_Initiate                        0x00002259   Thumb Code    56  playback.o(i.Playback_Initiate)
    Playback_IsTargetVolume                  0x00002299   Thumb Code    24  playback.o(i.Playback_IsTargetVolume)
    Playback_KeypadHandler                   0x000022b5   Thumb Code    60  inputkeyactions.o(i.Playback_KeypadHandler)
    Playback_NeedUpdateOutputBuf             0x00002319   Thumb Code    30  playback.o(i.Playback_NeedUpdateOutputBuf)
    Playback_Process                         0x00002339   Thumb Code   238  playback.o(i.Playback_Process)
    Playback_ProcessVolume                   0x0000243d   Thumb Code   108  playback.o(i.Playback_ProcessVolume)
    Playback_Remove                          0x000024b5   Thumb Code    56  playback.o(i.Playback_Remove)
    Playback_ResetChannelVolume              0x000024f1   Thumb Code    28  playback.o(i.Playback_ResetChannelVolume)
    Playback_SetOutputBuf                    0x00002515   Thumb Code    48  playback.o(i.Playback_SetOutputBuf)
    Playback_StartPlay                       0x00002545   Thumb Code    94  playback.o(i.Playback_StartPlay)
    Playback_StopPlay                        0x000025b9   Thumb Code   104  playback.o(i.Playback_StopPlay)
    Playback_UpdateOutputBuf                 0x0000262d   Thumb Code    22  playback.o(i.Playback_UpdateOutputBuf)
    Playback_VolumeFadeOut                   0x00002645   Thumb Code    38  playback.o(i.Playback_VolumeFadeOut)
    PowerDown                                0x00002671   Thumb Code    14  powerdown.o(i.PowerDown)
    PowerDown_Enter                          0x00002681   Thumb Code   120  powerdown.o(i.PowerDown_Enter)
    PowerDown_Exit                           0x00002709   Thumb Code    50  powerdown.o(i.PowerDown_Exit)
    PowerDown_GPIOConfigWakePin              0x00002741   Thumb Code    62  powerdown.o(i.PowerDown_GPIOConfigWakePin)
    PowerDown_GPIOPostProc                   0x00002785   Thumb Code    28  powerdown.o(i.PowerDown_GPIOPostProc)
    PowerDown_GPIOPreProc                    0x000027a5   Thumb Code    66  powerdown.o(i.PowerDown_GPIOPreProc)
    PowerDown_GPIOStableCount                0x000027f5   Thumb Code    60  powerdown.o(i.PowerDown_GPIOStableCount)
    PowerDown_KeypadHandler                  0x0000283d   Thumb Code    10  inputkeyactions.o(i.PowerDown_KeypadHandler)
    RTC_IRQHandler                           0x00002847   Thumb Code     2  interrupthandler.o(i.RTC_IRQHandler)
    Record_Add                               0x00002849   Thumb Code    22  record.o(i.Record_Add)
    Record_KeypadHandler                     0x00002865   Thumb Code    60  inputkeyactions.o(i.Record_KeypadHandler)
    Record_Process                           0x000028c5   Thumb Code   114  record.o(i.Record_Process)
    Record_SetInBufRecord                    0x00002945   Thumb Code    54  record.o(i.Record_SetInBufRecord)
    Record_StartRec                          0x0000297d   Thumb Code    76  record.o(i.Record_StartRec)
    Record_StopRec                           0x000029dd   Thumb Code    26  record.o(i.Record_StopRec)
    SPIFlahUtil_StartWriteEncodeData         0x000029fd   Thumb Code    30  spiflashutil.o(i.SPIFlahUtil_StartWriteEncodeData)
    SPIFlashUtil_4KPagePartialWriteInitiate  0x00002a21   Thumb Code    64  spiflashutil.o(i.SPIFlashUtil_4KPagePartialWriteInitiate)
    SPIFlashUtil_4KPagePartialWriteStart     0x00002a71   Thumb Code    10  spiflashutil.o(i.SPIFlashUtil_4KPagePartialWriteStart)
    SPIFlashUtil_4KPagePartialWriteWithWait  0x00002a85   Thumb Code    26  spiflashutil.o(i.SPIFlashUtil_4KPagePartialWriteWithWait)
    SPIFlashUtil_4KPagePartialWriting        0x00002aa1   Thumb Code   170  spiflashutil.o(i.SPIFlashUtil_4KPagePartialWriting)
    SPIFlashUtil_EndWriteEncodeData          0x00002b65   Thumb Code    56  spiflashutil.o(i.SPIFlashUtil_EndWriteEncodeData)
    SPIFlashUtil_WriteEncodeData             0x00002ba9   Thumb Code    54  spiflashutil.o(i.SPIFlashUtil_WriteEncodeData)
    SPIFlash_CheckBusy                       0x00002bdf   Thumb Code    14  spiflash.o(i.SPIFlash_CheckBusy)
    SPIFlash_ChipWriteEnable                 0x00002bed   Thumb Code    28  spiflash.o(i.SPIFlash_ChipWriteEnable)
    SPIFlash_Erase                           0x00002c09   Thumb Code    40  spiflash.o(i.SPIFlash_Erase)
    SPIFlash_EraseStart                      0x00002c31   Thumb Code    24  spiflash.o(i.SPIFlash_EraseStart)
    SPIFlash_GetChipInfo                     0x00002c49   Thumb Code   244  spiflash.o(i.SPIFlash_GetChipInfo)
    SPIFlash_Initiate                        0x00002d3d   Thumb Code   114  main.o(i.SPIFlash_Initiate)
    SPIFlash_Open                            0x00002dc5   Thumb Code   112  spiflash.o(i.SPIFlash_Open)
    SPIFlash_PowerDown                       0x00002e35   Thumb Code    20  spiflash.o(i.SPIFlash_PowerDown)
    SPIFlash_Read                            0x00002e49   Thumb Code    30  spiflash.o(i.SPIFlash_Read)
    SPIFlash_ReadData                        0x00002e67   Thumb Code   212  spiflash.o(i.SPIFlash_ReadData)
    SPIFlash_ReadDataCallback                0x00002f3d   Thumb Code    24  appcallback.o(i.SPIFlash_ReadDataCallback)
    SPIFlash_ReadEnd                         0x00002f59   Thumb Code    24  spiflash.o(i.SPIFlash_ReadEnd)
    SPIFlash_ReadStart                       0x00002f71   Thumb Code   110  spiflash.o(i.SPIFlash_ReadStart)
    SPIFlash_ReadStatusReg                   0x00002fdf   Thumb Code    26  spiflash.o(i.SPIFlash_ReadStatusReg)
    SPIFlash_SendRecOneData                  0x00002ff9   Thumb Code    82  spiflash.o(i.SPIFlash_SendRecOneData)
    SPIFlash_WaitReady                       0x0000304b   Thumb Code    18  spiflash.o(i.SPIFlash_WaitReady)
    SPIFlash_Write                           0x0000305d   Thumb Code    56  spiflash.o(i.SPIFlash_Write)
    SPIFlash_WriteData                       0x00003095   Thumb Code   262  spiflash.o(i.SPIFlash_WriteData)
    SPIFlash_WriteEnd                        0x0000319b   Thumb Code    24  spiflash.o(i.SPIFlash_WriteEnd)
    SPIFlash_WriteStart                      0x000031b3   Thumb Code    90  spiflash.o(i.SPIFlash_WriteStart)
    SPI_Close                                0x0000320d   Thumb Code    38  spi.o(i.SPI_Close)
    SPI_GetBusClock                          0x00003239   Thumb Code    24  spi.o(i.SPI_GetBusClock)
    SPI_Open                                 0x00003251   Thumb Code    40  spi.o(i.SPI_Open)
    SPI_SetBusClock                          0x00003279   Thumb Code    76  spi.o(i.SPI_SetBusClock)
    SPI_SetVarClock                          0x000032c9   Thumb Code    66  spi.o(i.SPI_SetVarClock)
    SPK_ChangeSR                             0x00003311   Thumb Code    46  micspk.o(i.SPK_ChangeSR)
    SPK_Close                                0x0000334d   Thumb Code    62  micspk.o(i.SPK_Close)
    SPK_Open                                 0x00003395   Thumb Code   104  micspk.o(i.SPK_Open)
    SPK_Start                                0x0000340d   Thumb Code    32  micspk.o(i.SPK_Start)
    SPK_Stop                                 0x00003431   Thumb Code    14  micspk.o(i.SPK_Stop)
    SYS_Lock                                 0x00003445   Thumb Code    12  sys.o(i.SYS_Lock)
    SYS_ResetModule                          0x00003455   Thumb Code    48  sys.o(i.SYS_ResetModule)
    SYS_Unlock                               0x00003485   Thumb Code    44  sys.o(i.SYS_Unlock)
    SysClk_InitiateRC                        0x000034b5   Thumb Code    78  sysclk.o(i.SysClk_InitiateRC)
    SystemCoreClockUpdate                    0x0000350d   Thumb Code    74  system_isd9100.o(i.SystemCoreClockUpdate)
    TIMER_GetModuleClock                     0x00003575   Thumb Code    82  timer.o(i.TIMER_GetModuleClock)
    TIMER_GetWorkingFreq                     0x000035d9   Thumb Code    32  timer.o(i.TIMER_GetWorkingFreq)
    TIMER_Open                               0x000035f9   Thumb Code   118  timer.o(i.TIMER_Open)
    TMR0_IRQHandler                          0x00003671   Thumb Code    12  interrupthandler.o(i.TMR0_IRQHandler)
    TMR1_IRQHandler                          0x00003681   Thumb Code    18  interrupthandler.o(i.TMR1_IRQHandler)
    UserEvent_ProcessCallback                0x00003699   Thumb Code     6  appcallback.o(i.UserEvent_ProcessCallback)
    WDT_IRQHandler                           0x0000369f   Thumb Code     2  interrupthandler.o(i.WDT_IRQHandler)
    __ARM_common_switch8                     0x000036a1   Thumb Code    28  pdma.o(i.__ARM_common_switch8)
    clear_LCD                                0x000036bd   Thumb Code    42  ly096bg30.o(i.clear_LCD)
    i2c_Init                                 0x00004b11   Thumb Code    58  main.o(i.i2c_Init)
    main                                     0x00004b5d   Thumb Code   166  main.o(i.main)
    oledWriteCommand                         0x00004c49   Thumb Code    14  ly096bg30.o(i.oledWriteCommand)
    oledWriteData                            0x00004c57   Thumb Code    14  ly096bg30.o(i.oledWriteData)
    oled_address                             0x00004c65   Thumb Code    42  ly096bg30.o(i.oled_address)
    print_C                                  0x00004c91   Thumb Code    72  ly096bg30.o(i.print_C)
    print_Line                               0x00004cdd   Thumb Code    36  ly096bg30.o(i.print_Line)
    __I$use$fp                               0x00004d00   Number         0  usenofp.o(x$fpl$usenofp)
    g_asAppCallBack                          0x00004d00   Data          16  appcallback.o(.constdata)
    g_asMatrixKeyHandler                     0x00004d10   Data          16  configio.o(.constdata)
    g_au8MatrixKeyStateIndex                 0x00004d20   Data           1  configio.o(.constdata)
    g_asTriggerKeyHandler                    0x00004d24   Data         120  configio.o(.constdata)
    g_au8TriggerKeyStateIndex                0x00004d9c   Data           1  configio.o(.constdata)
    g_u32BiqCoeff                            0x00004da0   Data          60  micspk.o(.constdata)
    g_u32Playback_Volume_DB_Table            0x00004de4   Data          52  playback.o(.constdata)
    Region$$Table$$Base                      0x00007d60   Number         0  anon$$obj.o(Region$$Table)
    Region$$Table$$Limit                     0x00007d80   Number         0  anon$$obj.o(Region$$Table)
    g_u8AppCtrl                              0x20000400   Data           1  main.o(.data)
    g_u8DeviceAddr                           0x20000404   Data           1  i2c0int.o(.data)
    g_au8TxData                              0x20000405   Data           3  i2c0int.o(.data)
    g_u8RxData                               0x20000408   Data           1  i2c0int.o(.data)
    g_u8RxData1                              0x20000409   Data           1  i2c0int.o(.data)
    i2c_novalidack_timeout                   0x2000040a   Data           2  i2c0int.o(.data)
    i2c_unreachable_timeout                  0x2000040c   Data           2  i2c0int.o(.data)
    g_u8DataLen                              0x2000040e   Data           1  i2c0int.o(.data)
    g_u8EndFlag                              0x2000040f   Data           1  i2c0int.o(.data)
    s_I2C0HandlerFn                          0x20000410   Data           4  i2c0int.o(.data)
    SystemCoreClock                          0x20000414   Data           4  system_isd9100.o(.data)
    CyclesPerUs                              0x20000418   Data           4  system_isd9100.o(.data)
    gau32ClkSrcTbl                           0x2000041c   Data          12  system_isd9100.o(.data)
    gau32HiRCSrcTbl                          0x20000428   Data           8  system_isd9100.o(.data)
    g_psDacBufCtrl                           0x20000434   Data           4  playback.o(.data)
    g_pi16PcmBuf                             0x20000438   Data           4  playback.o(.data)
    g_sPlayback_VolumeControl                0x2000043c   Data           8  playback.o(.data)
    g_u8DBDefaultIndex                       0x20000444   Data           1  playback.o(.data)
    g_psAdcBufCtrl                           0x2000044c   Data           4  record.o(.data)
    g_u16PartialWriteDataLength              0x20000450   Data           2  spiflashutil.o(.data)
    g_pu8PartialWriteData                    0x20000454   Data           4  spiflashutil.o(.data)
    g_u32SPIFlashRecAddr                     0x20000458   Data           4  spiflashutil.o(.data)
    g_u32SPIFlashRecStartAddr                0x2000045c   Data           4  spiflashutil.o(.data)
    g_pfnSpiFlashWriteCallbck                0x20000460   Data           4  spiflashutil.o(.data)
    g_u16DebounceCount                       0x2000046c   Data           2  keypad.o(.data)
    g_u16PressingCount                       0x2000046e   Data           2  keypad.o(.data)
    Font8x16                                 0x20000470   Data        1520  ly096bg30.o(.data)
    g_sSpiFlash                              0x20000a60   Data          12  main.o(.bss)
    g_sApp                                   0x20000a6c   Data        1776  main.o(.bss)
    g_ai16DACSamples                         0x2000115c   Data          16  interrupthandler.o(.bss)
    g_ai16ADCSamples                         0x2000116c   Data          16  interrupthandler.o(.bss)
    __libspace_start                         0x200011f4   Data          96  libspace.o(.bss)
    __temporary_stack_top$libspace           0x20001254   Data           0  libspace.o(.bss)



==============================================================================

Memory Map of the image

  Image Entry point : 0x000001a1

  Load Region _ROM (Base: 0x00000000, Size: 0x000083e0, Max: 0x00023400, ABSOLUTE)

    Execution Region _RESET (Base: 0x00000000, Size: 0x000000c0, Max: 0xffffffff, OVERLAY)

    Base Addr    Size         Type   Attr      Idx    E Section Name        Object

    0x00000000   0x000000c0   Data   RO          653    RESET               startup_isd9100.o


    Execution Region _CODE (Base: 0x000000c0, Size: 0x00007cc0, Max: 0xffffffff, ABSOLUTE)

    Base Addr    Size         Type   Attr      Idx    E Section Name        Object

    0x000000c0   0x00000008   Code   RO         3641  * !!!main             c_p.l(__main.o)
    0x000000c8   0x0000003c   Code   RO         3821    !!!scatter          c_p.l(__scatter.o)
    0x00000104   0x0000001a   Code   RO         3823    !!handler_copy      c_p.l(__scatter_copy.o)
    0x0000011e   0x00000002   PAD
    0x00000120   0x0000001c   Code   RO         3825    !!handler_zi        c_p.l(__scatter_zi.o)
    0x0000013c   0x00000002   Code   RO         3695    .ARM.Collect$$libinit$$00000000  c_p.l(libinit.o)
    0x0000013e   0x00000004   Code   RO         3708    .ARM.Collect$$libinit$$00000001  c_p.l(libinit2.o)
    0x00000142   0x00000000   Code   RO         3712    .ARM.Collect$$libinit$$00000008  c_p.l(libinit2.o)
    0x00000142   0x00000000   Code   RO         3714    .ARM.Collect$$libinit$$0000000A  c_p.l(libinit2.o)
    0x00000142   0x00000000   Code   RO         3716    .ARM.Collect$$libinit$$0000000C  c_p.l(libinit2.o)
    0x00000142   0x00000000   Code   RO         3719    .ARM.Collect$$libinit$$0000000F  c_p.l(libinit2.o)
    0x00000142   0x00000000   Code   RO         3721    .ARM.Collect$$libinit$$00000011  c_p.l(libinit2.o)
    0x00000142   0x00000000   Code   RO         3723    .ARM.Collect$$libinit$$00000013  c_p.l(libinit2.o)
    0x00000142   0x00000000   Code   RO         3725    .ARM.Collect$$libinit$$00000015  c_p.l(libinit2.o)
    0x00000142   0x00000000   Code   RO         3727    .ARM.Collect$$libinit$$00000017  c_p.l(libinit2.o)
    0x00000142   0x00000000   Code   RO         3729    .ARM.Collect$$libinit$$00000019  c_p.l(libinit2.o)
    0x00000142   0x00000000   Code   RO         3731    .ARM.Collect$$libinit$$0000001B  c_p.l(libinit2.o)
    0x00000142   0x00000000   Code   RO         3733    .ARM.Collect$$libinit$$0000001D  c_p.l(libinit2.o)
    0x00000142   0x00000000   Code   RO         3735    .ARM.Collect$$libinit$$0000001F  c_p.l(libinit2.o)
    0x00000142   0x00000000   Code   RO         3737    .ARM.Collect$$libinit$$00000021  c_p.l(libinit2.o)
    0x00000142   0x00000000   Code   RO         3739    .ARM.Collect$$libinit$$00000023  c_p.l(libinit2.o)
    0x00000142   0x00000000   Code   RO         3743    .ARM.Collect$$libinit$$0000002A  c_p.l(libinit2.o)
    0x00000142   0x00000000   Code   RO         3745    .ARM.Collect$$libinit$$0000002C  c_p.l(libinit2.o)
    0x00000142   0x00000000   Code   RO         3747    .ARM.Collect$$libinit$$0000002E  c_p.l(libinit2.o)
    0x00000142   0x00000000   Code   RO         3749    .ARM.Collect$$libinit$$00000030  c_p.l(libinit2.o)
    0x00000142   0x00000002   Code   RO         3750    .ARM.Collect$$libinit$$00000031  c_p.l(libinit2.o)
    0x00000144   0x00000002   Code   RO         3779    .ARM.Collect$$libshutdown$$00000000  c_p.l(libshutdown.o)
    0x00000146   0x00000000   Code   RO         3806    .ARM.Collect$$libshutdown$$00000003  c_p.l(libshutdown2.o)
    0x00000146   0x00000000   Code   RO         3809    .ARM.Collect$$libshutdown$$00000006  c_p.l(libshutdown2.o)
    0x00000146   0x00000000   Code   RO         3812    .ARM.Collect$$libshutdown$$00000009  c_p.l(libshutdown2.o)
    0x00000146   0x00000000   Code   RO         3814    .ARM.Collect$$libshutdown$$0000000B  c_p.l(libshutdown2.o)
    0x00000146   0x00000000   Code   RO         3817    .ARM.Collect$$libshutdown$$0000000E  c_p.l(libshutdown2.o)
    0x00000146   0x00000002   Code   RO         3818    .ARM.Collect$$libshutdown$$0000000F  c_p.l(libshutdown2.o)
    0x00000148   0x00000000   Code   RO         3649    .ARM.Collect$$rtentry$$00000000  c_p.l(rtentry.o)
    0x00000148   0x00000000   Code   RO         3661    .ARM.Collect$$rtentry$$00000002  c_p.l(rtentry2.o)
    0x00000148   0x00000006   Code   RO         3673    .ARM.Collect$$rtentry$$00000004  c_p.l(rtentry4.o)
    0x0000014e   0x00000000   Code   RO         3663    .ARM.Collect$$rtentry$$00000009  c_p.l(rtentry2.o)
    0x0000014e   0x00000004   Code   RO         3664    .ARM.Collect$$rtentry$$0000000A  c_p.l(rtentry2.o)
    0x00000152   0x00000000   Code   RO         3666    .ARM.Collect$$rtentry$$0000000C  c_p.l(rtentry2.o)
    0x00000152   0x00000008   Code   RO         3667    .ARM.Collect$$rtentry$$0000000D  c_p.l(rtentry2.o)
    0x0000015a   0x00000002   Code   RO         3700    .ARM.Collect$$rtexit$$00000000  c_p.l(rtexit.o)
    0x0000015c   0x00000000   Code   RO         3754    .ARM.Collect$$rtexit$$00000002  c_p.l(rtexit2.o)
    0x0000015c   0x00000004   Code   RO         3755    .ARM.Collect$$rtexit$$00000003  c_p.l(rtexit2.o)
    0x00000160   0x00000006   Code   RO         3756    .ARM.Collect$$rtexit$$00000004  c_p.l(rtexit2.o)
    0x00000166   0x00000002   PAD
    0x00000168   0x00000038   Code   RO         3629    .emb_text           c_p.l(rt_memcpy.o)
    0x000001a0   0x00000060   Code   RO          654  * .text               startup_isd9100.o
    0x00000200   0x00000044   Code   RO         3627    .text               c_p.l(strlen.o)
    0x00000244   0x00000040   Code   RO         3633    .text               c_p.l(rt_memclr.o)
    0x00000284   0x000001e8   Code   RO         3635    .text               c_p.l(aeabi_sdivfast.o)
    0x0000046c   0x00000006   Code   RO         3639    .text               c_p.l(heapauxi.o)
    0x00000472   0x00000002   PAD
    0x00000474   0x00000044   Code   RO         3643    .text               fz_ps.l(dfixui.o)
    0x000004b8   0x00000058   Code   RO         3645    .text               fz_ps.l(dflti.o)
    0x00000510   0x00000268   Code   RO         3647    .text               fz_ps.l(dmul.o)
    0x00000778   0x0000003e   Code   RO         3679    .text               c_p.l(sys_stackheap_outer.o)
    0x000007b6   0x0000000c   Code   RO         3684    .text               c_p.l(exit.o)
    0x000007c2   0x00000002   PAD
    0x000007c4   0x00000008   Code   RO         3696    .text               c_p.l(libspace.o)
    0x000007cc   0x0000000c   Code   RO         3751    .text               c_p.l(sys_exit.o)
    0x000007d8   0x00000002   Code   RO         3768    .text               c_p.l(use_no_semi.o)
    0x000007da   0x00000000   Code   RO         3770    .text               c_p.l(indicate_semi.o)
    0x000007da   0x00000002   Code   RO         1729    i.ADC_Close         adc.o
    0x000007dc   0x0000005c   Code   RO         1730    i.ADC_DisableInt    adc.o
    0x00000838   0x00000010   Code   RO         1731    i.ADC_DisableMICBias  adc.o
    0x00000848   0x00000014   Code   RO         1733    i.ADC_EnableMICBias  adc.o
    0x0000085c   0x00000002   Code   RO         1737    i.ADC_Open          adc.o
    0x0000085e   0x00000002   PAD
    0x00000860   0x00000060   Code   RO         1741    i.ADC_SetAMUX       adc.o
    0x000008c0   0x00000040   Code   RO         1743    i.ADC_SetPGAGaindB  adc.o
    0x00000900   0x00000024   Code   RO          210    i.App_Initiate      appfunctions.o
    0x00000924   0x00000018   Code   RO          211    i.App_PowerDown     appfunctions.o
    0x0000093c   0x00000024   Code   RO          212    i.App_ProcessPlay   appfunctions.o
    0x00000960   0x00000034   Code   RO          213    i.App_ProcessRec    appfunctions.o
    0x00000994   0x00000040   Code   RO          214    i.App_StartPlay     appfunctions.o
    0x000009d4   0x0000004c   Code   RO          215    i.App_StartRec      appfunctions.o
    0x00000a20   0x00000024   Code   RO          216    i.App_StopPlay      appfunctions.o
    0x00000a44   0x00000024   Code   RO          217    i.App_StopRec       appfunctions.o
    0x00000a68   0x00000034   Code   RO          949    i.BIQFilter_Setting  micspk.o
    0x00000a9c   0x00000020   Code   RO         1838    i.BIQ_Reset         biq.o
    0x00000abc   0x0000006c   Code   RO         1839    i.BIQ_SetCoeff      biq.o
    0x00000b28   0x0000002a   Code   RO          874    i.BufCtrl_WriteWithCount  bufctrl.o
    0x00000b52   0x00000002   PAD
    0x00000b54   0x00000014   Code   RO          348    i.CAPS_IRQHandler   interrupthandler.o
    0x00000b68   0x00000044   Code   RO         1935    i.CLK_DeepSleep     clk.o
    0x00000bac   0x00000020   Code   RO         1936    i.CLK_DisableLDO    clk.o
    0x00000bcc   0x00000024   Code   RO         1937    i.CLK_DisableModuleClock  clk.o
    0x00000bf0   0x00000040   Code   RO         1939    i.CLK_EnableLDO     clk.o
    0x00000c30   0x00000024   Code   RO         1940    i.CLK_EnableModuleClock  clk.o
    0x00000c54   0x00000020   Code   RO         1941    i.CLK_EnableXtalRC  clk.o
    0x00000c74   0x00000010   Code   RO         1942    i.CLK_GetHCLKFreq   clk.o
    0x00000c84   0x00000048   Code   RO         1945    i.CLK_SetHCLK       clk.o
    0x00000ccc   0x00000064   Code   RO         1946    i.CLK_SetModuleClock  clk.o
    0x00000d30   0x00000024   Code   RO         1947    i.CLK_SetSysTickClockSrc  clk.o
    0x00000d54   0x0000002c   Code   RO         1950    i.CLK_SysTickDelay  clk.o
    0x00000d80   0x00000002   Code   RO         2090    i.DPWM_Open         dpwm.o
    0x00000d82   0x00000002   PAD
    0x00000d84   0x0000003c   Code   RO         2091    i.DPWM_SetSampleRate  dpwm.o
    0x00000dc0   0x00000038   Code   RO          309    i.Default_KeyHandler  inputkeyactions.o
    0x00000df8   0x00000024   Code   RO          349    i.GPAB_IRQHandler   interrupthandler.o
    0x00000e1c   0x0000001c   Code   RO         2242    i.GPIO_DisableInt   gpio.o
    0x00000e38   0x0000001a   Code   RO         2243    i.GPIO_EnableInt    gpio.o
    0x00000e52   0x0000002e   Code   RO         2244    i.GPIO_SetMode      gpio.o
    0x00000e80   0x00000038   Code   RO          546    i.I2C0_IRQHandler   i2c0int.o
    0x00000eb8   0x0000000a   Code   RO         2274    i.I2C_ClearTimeoutFlag  i2c.o
    0x00000ec2   0x0000000a   Code   RO         2278    i.I2C_EnableInt     i2c.o
    0x00000ecc   0x000000e4   Code   RO          549    i.I2C_MasterTx      i2c0int.o
    0x00000fb0   0x00000040   Code   RO         2284    i.I2C_Open          i2c.o
    0x00000ff0   0x000000ac   Code   RO         3176    i.Init_LCD          ly096bg30.o
    0x0000109c   0x00000024   Code   RO          899    i.InputKey_Change   configio.o
    0x000010c0   0x000000e4   Code   RO          900    i.InputKey_Initiate  configio.o
    0x000011a4   0x00000018   Code   RO         1549    i.Keypad_InitKeypad  keypad.o
    0x000011bc   0x00000034   Code   RO         1550    i.Keypad_InitTgr    keypad.o
    0x000011f0   0x00000018   Code   RO         1556    i.Keypad_ResetTgr   keypad.o
    0x00001208   0x00000060   Code   RO         1559    i.Keypad_ScanTgr    keypad.o
    0x00001268   0x00000054   Code   RO         1560    i.Keypad_ScanTgrPort  keypad.o
    0x000012bc   0x00000028   Code   RO         1562    i.Keypad_TgrDecDebounceCounter  keypad.o
    0x000012e4   0x00000068   Code   RO         1563    i.Keypad_TgrMapHandler  keypad.o
    0x0000134c   0x00000070   Code   RO          950    i.MIC_ChangeSR      micspk.o
    0x000013bc   0x00000050   Code   RO          951    i.MIC_Close         micspk.o
    0x0000140c   0x000000d0   Code   RO          952    i.MIC_Open          micspk.o
    0x000014dc   0x0000000c   Code   RO          953    i.MIC_Start         micspk.o
    0x000014e8   0x00000010   Code   RO          954    i.MIC_Stop          micspk.o
    0x000014f8   0x00000014   Code   RO         1322    i.NVIC_ClearPendingIRQ  pdmactrl.o
    0x0000150c   0x00000014   Code   RO          449    i.NVIC_DisableIRQ   powerdown.o
    0x00001520   0x00000014   Code   RO          450    i.NVIC_EnableIRQ    powerdown.o
    0x00001534   0x00000078   Code   RO            3    i.NVIC_SetPriority  main.o
    0x000015ac   0x0000002c   Code   RO          660    i.NuLiteExApp_DecodeInitiate  nuliteexapp_decode.o
    0x000015d8   0x000000c8   Code   RO          661    i.NuLiteExApp_DecodeProcess  nuliteexapp_decode.o
    0x000016a0   0x00000090   Code   RO          662    i.NuLiteExApp_DecodeStartPlayByAddr  nuliteexapp_decode.o
    0x00001730   0x0000001e   Code   RO          664    i.NuLiteExApp_DecodeStopPlay  nuliteexapp_decode.o
    0x0000174e   0x00000016   Code   RO          753    i.NuLiteExApp_EncodeEnd  nuliteexapp_encode.o
    0x00001764   0x00000048   Code   RO          754    i.NuLiteExApp_EncodeInitiate  nuliteexapp_encode.o
    0x000017ac   0x0000008c   Code   RO          755    i.NuLiteExApp_EncodeProcess  nuliteexapp_encode.o
    0x00001838   0x0000008c   Code   RO          756    i.NuLiteExApp_EncodeStart  nuliteexapp_encode.o
    0x000018c4   0x000000b8   Code   RO         3288    i.NuLiteEx_DecodeInitiate  NuLiteEx_Keil.lib(nuliteex.o)
    0x0000197c   0x00000010   Code   RO         3289    i.NuLiteEx_DecodeIsEnd  NuLiteEx_Keil.lib(nuliteex.o)
    0x0000198c   0x000000d4   Code   RO         3290    i.NuLiteEx_DecodeProcess  NuLiteEx_Keil.lib(nuliteex.o)
    0x00001a60   0x00000020   Code   RO         3292    i.NuLiteEx_EncodeInitiate  NuLiteEx_Keil.lib(nuliteex.o)
    0x00001a80   0x0000003a   Code   RO         3293    i.NuLiteEx_EncodeProcess  NuLiteEx_Keil.lib(nuliteex.o)
    0x00001aba   0x00000028   Code   RO         3456    i.NuLiteXCodec_DecodeInitial  NuLiteEx_Keil.lib(nulitedecode.o)
    0x00001ae2   0x00000030   Code   RO         3457    i.NuLiteXCodec_DecodeProcess  NuLiteEx_Keil.lib(nulitedecode.o)
    0x00001b12   0x0000001a   Code   RO         3519    i.NuLiteXCodec_EncodeInitial  NuLiteEx_Keil.lib(nuliteencode.o)
    0x00001b2c   0x00000014   Code   RO         3520    i.NuLiteXCodec_EncodeProcess  NuLiteEx_Keil.lib(nuliteencode.o)
    0x00001b40   0x00000284   Code   RO         3458    i.NuLiteXCodec_f_categorize  NuLiteEx_Keil.lib(nulitedecode.o)
    0x00001dc4   0x00000078   Code   RO         3178    i.OLED_SingleWrite  ly096bg30.o
    0x00001e3c   0x00000020   Code   RO          901    i.OutputPin_Initiate  configio.o
    0x00001e5c   0x00000014   Code   RO          902    i.OutputPin_Set     configio.o
    0x00001e70   0x00000014   Code   RO         2443    i.PDMA_DisableInt   pdma.o
    0x00001e84   0x00000014   Code   RO         2444    i.PDMA_EnableInt    pdma.o
    0x00001e98   0x00000044   Code   RO          350    i.PDMA_IRQHandler   interrupthandler.o
    0x00001edc   0x00000014   Code   RO         2445    i.PDMA_Open         pdma.o
    0x00001ef0   0x00000024   Code   RO         2446    i.PDMA_SetTransferAddr  pdma.o
    0x00001f14   0x00000048   Code   RO         2447    i.PDMA_SetTransferCnt  pdma.o
    0x00001f5c   0x00000018   Code   RO         2448    i.PDMA_SetTransferDirection  pdma.o
    0x00001f74   0x000000e8   Code   RO         2449    i.PDMA_SetTransferMode  pdma.o
    0x0000205c   0x00000018   Code   RO         2450    i.PDMA_Trigger      pdma.o
    0x00002074   0x00000030   Code   RO         1323    i.PdmaCtrl_Close    pdmactrl.o
    0x000020a4   0x00000028   Code   RO         1324    i.PdmaCtrl_Init     pdmactrl.o
    0x000020cc   0x0000009c   Code   RO         1325    i.PdmaCtrl_Open     pdmactrl.o
    0x00002168   0x00000030   Code   RO         1326    i.PdmaCtrl_Start    pdmactrl.o
    0x00002198   0x0000001c   Code   RO         1327    i.PdmaCtrl_Stop     pdmactrl.o
    0x000021b4   0x00000020   Code   RO         1328    i.PdmaCtrl_UnInit   pdmactrl.o
    0x000021d4   0x00000040   Code   RO         1049    i.Playback_Add      playback.o
    0x00002214   0x00000044   Code   RO         1050    i.Playback_AdjustVolumeDBStep  playback.o
    0x00002258   0x00000040   Code   RO         1052    i.Playback_Initiate  playback.o
    0x00002298   0x0000001c   Code   RO         1053    i.Playback_IsTargetVolume  playback.o
    0x000022b4   0x00000064   Code   RO          310    i.Playback_KeypadHandler  inputkeyactions.o
    0x00002318   0x0000001e   Code   RO         1055    i.Playback_NeedUpdateOutputBuf  playback.o
    0x00002336   0x00000002   PAD
    0x00002338   0x00000104   Code   RO         1057    i.Playback_Process  playback.o
    0x0000243c   0x00000078   Code   RO         1058    i.Playback_ProcessVolume  playback.o
    0x000024b4   0x0000003c   Code   RO         1059    i.Playback_Remove   playback.o
    0x000024f0   0x00000024   Code   RO         1060    i.Playback_ResetChannelVolume  playback.o
    0x00002514   0x00000030   Code   RO         1061    i.Playback_SetOutputBuf  playback.o
    0x00002544   0x00000074   Code   RO         1063    i.Playback_StartPlay  playback.o
    0x000025b8   0x00000074   Code   RO         1064    i.Playback_StopPlay  playback.o
    0x0000262c   0x00000016   Code   RO         1065    i.Playback_UpdateOutputBuf  playback.o
    0x00002642   0x00000002   PAD
    0x00002644   0x0000002c   Code   RO         1067    i.Playback_VolumeFadeOut  playback.o
    0x00002670   0x0000000e   Code   RO          451    i.PowerDown         powerdown.o
    0x0000267e   0x00000002   PAD
    0x00002680   0x00000088   Code   RO          452    i.PowerDown_Enter   powerdown.o
    0x00002708   0x00000038   Code   RO          453    i.PowerDown_Exit    powerdown.o
    0x00002740   0x00000044   Code   RO          454    i.PowerDown_GPIOConfigWakePin  powerdown.o
    0x00002784   0x00000020   Code   RO          455    i.PowerDown_GPIOPostProc  powerdown.o
    0x000027a4   0x00000050   Code   RO          456    i.PowerDown_GPIOPreProc  powerdown.o
    0x000027f4   0x00000048   Code   RO          457    i.PowerDown_GPIOStableCount  powerdown.o
    0x0000283c   0x0000000a   Code   RO          311    i.PowerDown_KeypadHandler  inputkeyactions.o
    0x00002846   0x00000002   Code   RO          351    i.RTC_IRQHandler    interrupthandler.o
    0x00002848   0x0000001c   Code   RO         1185    i.Record_Add        record.o
    0x00002864   0x00000060   Code   RO          312    i.Record_KeypadHandler  inputkeyactions.o
    0x000028c4   0x00000080   Code   RO         1186    i.Record_Process    record.o
    0x00002944   0x00000036   Code   RO         1188    i.Record_SetInBufRecord  record.o
    0x0000297a   0x00000002   PAD
    0x0000297c   0x00000060   Code   RO         1189    i.Record_StartRec   record.o
    0x000029dc   0x00000020   Code   RO         1190    i.Record_StopRec    record.o
    0x000029fc   0x00000024   Code   RO         1239    i.SPIFlahUtil_StartWriteEncodeData  spiflashutil.o
    0x00002a20   0x00000050   Code   RO         1240    i.SPIFlashUtil_4KPagePartialWriteInitiate  spiflashutil.o
    0x00002a70   0x00000014   Code   RO         1241    i.SPIFlashUtil_4KPagePartialWriteStart  spiflashutil.o
    0x00002a84   0x0000001a   Code   RO         1242    i.SPIFlashUtil_4KPagePartialWriteWithWait  spiflashutil.o
    0x00002a9e   0x00000002   PAD
    0x00002aa0   0x000000c4   Code   RO         1243    i.SPIFlashUtil_4KPagePartialWriting  spiflashutil.o
    0x00002b64   0x00000044   Code   RO         1244    i.SPIFlashUtil_EndWriteEncodeData  spiflashutil.o
    0x00002ba8   0x00000036   Code   RO         1245    i.SPIFlashUtil_WriteEncodeData  spiflashutil.o
    0x00002bde   0x0000000e   Code   RO         1378    i.SPIFlash_CheckBusy  spiflash.o
    0x00002bec   0x0000001c   Code   RO         1379    i.SPIFlash_ChipWriteEnable  spiflash.o
    0x00002c08   0x00000028   Code   RO         1380    i.SPIFlash_Erase    spiflash.o
    0x00002c30   0x00000018   Code   RO         1383    i.SPIFlash_EraseStart  spiflash.o
    0x00002c48   0x000000f4   Code   RO         1384    i.SPIFlash_GetChipInfo  spiflash.o
    0x00002d3c   0x00000088   Code   RO            4    i.SPIFlash_Initiate  main.o
    0x00002dc4   0x00000070   Code   RO         1387    i.SPIFlash_Open     spiflash.o
    0x00002e34   0x00000014   Code   RO         1388    i.SPIFlash_PowerDown  spiflash.o
    0x00002e48   0x0000001e   Code   RO         1389    i.SPIFlash_Read     spiflash.o
    0x00002e66   0x000000d4   Code   RO         1390    i.SPIFlash_ReadData  spiflash.o
    0x00002f3a   0x00000002   PAD
    0x00002f3c   0x0000001c   Code   RO          279    i.SPIFlash_ReadDataCallback  appcallback.o
    0x00002f58   0x00000018   Code   RO         1392    i.SPIFlash_ReadEnd  spiflash.o
    0x00002f70   0x0000006e   Code   RO         1393    i.SPIFlash_ReadStart  spiflash.o
    0x00002fde   0x0000001a   Code   RO         1394    i.SPIFlash_ReadStatusReg  spiflash.o
    0x00002ff8   0x00000052   Code   RO         1395    i.SPIFlash_SendRecOneData  spiflash.o
    0x0000304a   0x00000012   Code   RO         1396    i.SPIFlash_WaitReady  spiflash.o
    0x0000305c   0x00000038   Code   RO         1397    i.SPIFlash_Write    spiflash.o
    0x00003094   0x00000106   Code   RO         1398    i.SPIFlash_WriteData  spiflash.o
    0x0000319a   0x00000018   Code   RO         1400    i.SPIFlash_WriteEnd  spiflash.o
    0x000031b2   0x0000005a   Code   RO         1402    i.SPIFlash_WriteStart  spiflash.o
    0x0000320c   0x0000002c   Code   RO         2845    i.SPI_Close         spi.o
    0x00003238   0x00000018   Code   RO         2846    i.SPI_GetBusClock   spi.o
    0x00003250   0x00000028   Code   RO         2848    i.SPI_Open          spi.o
    0x00003278   0x00000050   Code   RO         2849    i.SPI_SetBusClock   spi.o
    0x000032c8   0x00000048   Code   RO         2850    i.SPI_SetVarClock   spi.o
    0x00003310   0x0000003c   Code   RO          955    i.SPK_ChangeSR      micspk.o
    0x0000334c   0x00000048   Code   RO          956    i.SPK_Close         micspk.o
    0x00003394   0x00000078   Code   RO          957    i.SPK_Open          micspk.o
    0x0000340c   0x00000024   Code   RO          960    i.SPK_Start         micspk.o
    0x00003430   0x00000014   Code   RO          961    i.SPK_Stop          micspk.o
    0x00003444   0x00000010   Code   RO         2898    i.SYS_Lock          sys.o
    0x00003454   0x00000030   Code   RO         2903    i.SYS_ResetModule   sys.o
    0x00003484   0x00000030   Code   RO         2904    i.SYS_Unlock        sys.o
    0x000034b4   0x00000058   Code   RO         1302    i.SysClk_InitiateRC  sysclk.o
    0x0000350c   0x00000068   Code   RO          621    i.SystemCoreClockUpdate  system_isd9100.o
    0x00003574   0x00000064   Code   RO         3003    i.TIMER_GetModuleClock  timer.o
    0x000035d8   0x00000020   Code   RO         3004    i.TIMER_GetWorkingFreq  timer.o
    0x000035f8   0x00000076   Code   RO         3005    i.TIMER_Open        timer.o
    0x0000366e   0x00000002   PAD
    0x00003670   0x00000010   Code   RO          352    i.TMR0_IRQHandler   interrupthandler.o
    0x00003680   0x00000018   Code   RO          353    i.TMR1_IRQHandler   interrupthandler.o
    0x00003698   0x00000006   Code   RO          280    i.UserEvent_ProcessCallback  appcallback.o
    0x0000369e   0x00000002   Code   RO          354    i.WDT_IRQHandler    interrupthandler.o
    0x000036a0   0x0000001c   Code   RO         2505    i.__ARM_common_switch8  pdma.o
    0x000036bc   0x0000002a   Code   RO         3179    i.clear_LCD         ly096bg30.o
    0x000036e6   0x00000002   PAD
    0x000036e8   0x000003a4   Code   RO         3459    i.f_decode_vector_quantized_mlt_indices  NuLiteEx_Keil.lib(nulitedecode.o)
    0x00003a8c   0x00000208   Code   RO         3460    i.f_decoder         NuLiteEx_Keil.lib(nulitedecode.o)
    0x00003c94   0x0000055c   Code   RO         3521    i.f_encoder         NuLiteEx_Keil.lib(nuliteencode.o)
    0x000041f0   0x000003ac   Code   RO         3461    i.f_rmlt_coefs_to_samples  NuLiteEx_Keil.lib(nulitedecode.o)
    0x0000459c   0x000003f0   Code   RO         3522    i.f_samples_to_rmlt_coefs  NuLiteEx_Keil.lib(nuliteencode.o)
    0x0000498c   0x00000184   Code   RO         3523    i.f_vector_huffman  NuLiteEx_Keil.lib(nuliteencode.o)
    0x00004b10   0x0000004c   Code   RO            5    i.i2c_Init          main.o
    0x00004b5c   0x000000ec   Code   RO            6    i.main              main.o
    0x00004c48   0x0000000e   Code   RO         3181    i.oledWriteCommand  ly096bg30.o
    0x00004c56   0x0000000e   Code   RO         3182    i.oledWriteData     ly096bg30.o
    0x00004c64   0x0000002a   Code   RO         3183    i.oled_address      ly096bg30.o
    0x00004c8e   0x00000002   PAD
    0x00004c90   0x0000004c   Code   RO         3184    i.print_C           ly096bg30.o
    0x00004cdc   0x00000024   Code   RO         3185    i.print_Line        ly096bg30.o
    0x00004d00   0x00000000   Code   RO         3659    x$fpl$usenofp       fz_ps.l(usenofp.o)
    0x00004d00   0x00000010   Data   RO          281    .constdata          appcallback.o
    0x00004d10   0x0000008d   Data   RO          903    .constdata          configio.o
    0x00004d9d   0x00000003   PAD
    0x00004da0   0x00000044   Data   RO          962    .constdata          micspk.o
    0x00004de4   0x00000034   Data   RO         1068    .constdata          playback.o
    0x00004e18   0x00000014   Data   RO         3006    .constdata          timer.o
    0x00004e2c   0x000004bc   Data   RO         3462    .constdata          NuLiteEx_Keil.lib(nulitedecode.o)
    0x000052e8   0x00000028   Data   RO         3463    .constdata          NuLiteEx_Keil.lib(nulitedecode.o)
    0x00005310   0x00000050   Data   RO         3464    .constdata          NuLiteEx_Keil.lib(nulitedecode.o)
    0x00005360   0x000000a0   Data   RO         3465    .constdata          NuLiteEx_Keil.lib(nulitedecode.o)
    0x00005400   0x00000140   Data   RO         3466    .constdata          NuLiteEx_Keil.lib(nulitedecode.o)
    0x00005540   0x0000021c   Data   RO         3467    .constdata          NuLiteEx_Keil.lib(nulitedecode.o)
    0x0000575c   0x00000117   Data   RO         3468    .constdata          NuLiteEx_Keil.lib(nulitedecode.o)
    0x00005873   0x0000008d   Data   RO         3469    .constdata          NuLiteEx_Keil.lib(nulitedecode.o)
    0x00005900   0x00000615   Data   RO         3470    .constdata          NuLiteEx_Keil.lib(nulitedecode.o)
    0x00005f15   0x00000270   Data   RO         3471    .constdata          NuLiteEx_Keil.lib(nulitedecode.o)
    0x00006185   0x0000023d   Data   RO         3472    .constdata          NuLiteEx_Keil.lib(nulitedecode.o)
    0x000063c2   0x0000005d   Data   RO         3473    .constdata          NuLiteEx_Keil.lib(nulitedecode.o)
    0x0000641f   0x00000001   PAD
    0x00006420   0x00000550   Data   RO         3524    .constdata          NuLiteEx_Keil.lib(nuliteencode.o)
    0x00006970   0x00000028   Data   RO         3525    .constdata          NuLiteEx_Keil.lib(nuliteencode.o)
    0x00006998   0x00000050   Data   RO         3526    .constdata          NuLiteEx_Keil.lib(nuliteencode.o)
    0x000069e8   0x000000a0   Data   RO         3527    .constdata          NuLiteEx_Keil.lib(nuliteencode.o)
    0x00006a88   0x00000140   Data   RO         3528    .constdata          NuLiteEx_Keil.lib(nuliteencode.o)
    0x00006bc8   0x000000c4   Data   RO         3529    .constdata          NuLiteEx_Keil.lib(nuliteencode.o)
    0x00006c8c   0x00000064   Data   RO         3530    .constdata          NuLiteEx_Keil.lib(nuliteencode.o)
    0x00006cf0   0x00000031   Data   RO         3531    .constdata          NuLiteEx_Keil.lib(nuliteencode.o)
    0x00006d21   0x00000271   Data   RO         3532    .constdata          NuLiteEx_Keil.lib(nuliteencode.o)
    0x00006f92   0x00000100   Data   RO         3533    .constdata          NuLiteEx_Keil.lib(nuliteencode.o)
    0x00007092   0x000000f3   Data   RO         3534    .constdata          NuLiteEx_Keil.lib(nuliteencode.o)
    0x00007185   0x00000020   Data   RO         3535    .constdata          NuLiteEx_Keil.lib(nuliteencode.o)
    0x000071a5   0x00000001   PAD
    0x000071a6   0x00000188   Data   RO         3536    .constdata          NuLiteEx_Keil.lib(nuliteencode.o)
    0x0000732e   0x000000c8   Data   RO         3537    .constdata          NuLiteEx_Keil.lib(nuliteencode.o)
    0x000073f6   0x00000062   Data   RO         3538    .constdata          NuLiteEx_Keil.lib(nuliteencode.o)
    0x00007458   0x000004e2   Data   RO         3539    .constdata          NuLiteEx_Keil.lib(nuliteencode.o)
    0x0000793a   0x00000200   Data   RO         3540    .constdata          NuLiteEx_Keil.lib(nuliteencode.o)
    0x00007b3a   0x000001e6   Data   RO         3541    .constdata          NuLiteEx_Keil.lib(nuliteencode.o)
    0x00007d20   0x00000040   Data   RO         3542    .constdata          NuLiteEx_Keil.lib(nuliteencode.o)
    0x00007d60   0x00000020   Data   RO         3819    Region$$Table       anon$$obj.o


    Execution Region _STACK (Base: 0x20000000, Size: 0x00000400, Max: 0xffffffff, ABSOLUTE, UNINIT)

    Base Addr    Size         Type   Attr      Idx    E Section Name        Object

    0x20000000   0x00000400   Zero   RW          651    STACK               startup_isd9100.o


    Execution Region _SRAM (Base: 0x20000400, Size: 0x00001058, Max: 0xffffffff, ABSOLUTE)

    Base Addr    Size         Type   Attr      Idx    E Section Name        Object

    0x20000400   0x00000001   Data   RW            8    .data               main.o
    0x20000401   0x00000003   PAD
    0x20000404   0x00000010   Data   RW          551    .data               i2c0int.o
    0x20000414   0x0000001c   Data   RW          623    .data               system_isd9100.o
    0x20000430   0x00000016   Data   RW         1069    .data               playback.o
    0x20000446   0x00000002   PAD
    0x20000448   0x00000008   Data   RW         1191    .data               record.o
    0x20000450   0x00000015   Data   RW         1246    .data               spiflashutil.o
    0x20000465   0x00000001   PAD
    0x20000466   0x0000000a   Data   RW         1570    .data               keypad.o
    0x20000470   0x000005f0   Data   RW         3186    .data               ly096bg30.o
    0x20000a60   0x000006fc   Zero   RW            7    .bss                main.o
    0x2000115c   0x00000020   Zero   RW          355    .bss                interrupthandler.o
    0x2000117c   0x00000078   Zero   RW         1569    .bss                keypad.o
    0x200011f4   0x00000060   Zero   RW         3697    .bss                c_p.l(libspace.o)
    0x20001254   0x00000004   PAD
    0x20001258   0x00000200   Zero   RW          652    HEAP                startup_isd9100.o


==============================================================================

Image component sizes


      Code (inc. data)   RO Data    RW Data    ZI Data      Debug   Object Name

       292         44          0          0          0       3738   adc.o
        34          4         16          0          0       1924   appcallback.o
       360         84          0          0          0       4722   appfunctions.o
       140         12          0          0          0       1515   biq.o
        42          0          0          0          0       1045   bufctrl.o
       536         66          0          0          0       6386   clk.o
       316         44        141          0          0      10335   configio.o
        62          8          0          0          0       1089   dpwm.o
       100          6          0          0          0       2206   gpio.o
        84          6          0          0          0       2030   i2c.o
       284         34          0         16          0       2536   i2c0int.o
       262         82          0          0          0       2151   inputkeyactions.o
       168         40          0          0         32     108208   interrupthandler.o
       424         70          0         10        120       6378   keypad.o
       516         42          0       1520          0       4974   ly096bg30.o
       568        120          0          1       1788     123883   main.o
       788        122         68          0          0       6746   micspk.o
       418         10          0          0          0      11800   nuliteexapp_decode.o
       374         14          0          0          0       4315   nuliteexapp_encode.o
       476         52          0          0          0       5510   pdma.o
       372         46          0          0          0       4504   pdmactrl.o
      1076        110         52         22          0      10843   playback.o
       498         70          0          0          0      13452   powerdown.o
       338         46          0          8          0       3873   record.o
       260         16          0          0          0       3625   spi.o
      1416          0          0          0          0      12705   spiflash.o
       480         70          0         21          0       8582   spiflashutil.o
        96         46        192          0       1536        632   startup_isd9100.o
       112          8          0          0          0       1586   sys.o
        88         10          0          0          0        700   sysclk.o
       104         30          0         28          0       1577   system_isd9100.o
       250         18         20          0          0       2519   timer.o

    ----------------------------------------------------------------------
     11358       1330        524       1632       3476     376089   Object Totals
         0          0         32          0          0          0   (incl. Generated)
        24          0          3          6          0          0   (incl. Padding)

    ----------------------------------------------------------------------

      Code (inc. data)   RO Data    RW Data    ZI Data      Debug   Library Member Name

      3124         76       5619          0          0      13506   nulitedecode.o
      2814         78       6463          0          0      11122   nuliteencode.o
       502          4          0          0          0      12913   nuliteex.o
         8          0          0          0          0         68   __main.o
        60          8          0          0          0          0   __scatter.o
        26          0          0          0          0          0   __scatter_copy.o
        28          0          0          0          0          0   __scatter_zi.o
       488          0          0          0          0         92   aeabi_sdivfast.o
        12          0          0          0          0         64   exit.o
         6          0          0          0          0        136   heapauxi.o
         0          0          0          0          0          0   indicate_semi.o
         2          0          0          0          0          0   libinit.o
         6          0          0          0          0          0   libinit2.o
         2          0          0          0          0          0   libshutdown.o
         2          0          0          0          0          0   libshutdown2.o
         8          4          0          0         96         68   libspace.o
        64          0          0          0          0        108   rt_memclr.o
        56          0          0          0          0         68   rt_memcpy.o
         0          0          0          0          0          0   rtentry.o
        12          0          0          0          0          0   rtentry2.o
         6          0          0          0          0          0   rtentry4.o
         2          0          0          0          0          0   rtexit.o
        10          0          0          0          0          0   rtexit2.o
        68          6          0          0          0         72   strlen.o
        12          4          0          0          0         60   sys_exit.o
        62          0          0          0          0         80   sys_stackheap_outer.o
         2          0          0          0          0         68   use_no_semi.o
        68          4          0          0          0         68   dfixui.o
        88          0          0          0          0         92   dflti.o
       616         24          0          0          0         84   dmul.o
         0          0          0          0          0          0   usenofp.o

    ----------------------------------------------------------------------
      8162        208      12084          0        100      38669   Library Totals
         8          0          2          0          4          0   (incl. Padding)

    ----------------------------------------------------------------------

      Code (inc. data)   RO Data    RW Data    ZI Data      Debug   Library Name

      6440        158      12082          0          0      37541   NuLiteEx_Keil.lib
       942         22          0          0         96        884   c_p.l
       772         28          0          0          0        244   fz_ps.l

    ----------------------------------------------------------------------
      8162        208      12084          0        100      38669   Library Totals

    ----------------------------------------------------------------------

==============================================================================


      Code (inc. data)   RO Data    RW Data    ZI Data      Debug   

     19520       1538      12608       1632       3576     406158   Grand Totals
     19520       1538      12608       1632       3576     406158   ELF Image Totals
     19520       1538      12608       1632          0          0   ROM Totals

==============================================================================

    Total RO  Size (Code + RO Data)                32128 (  31.38kB)
    Total RW  Size (RW Data + ZI Data)              5208 (   5.09kB)
    Total ROM Size (Code + RO Data + RW Data)      33760 (  32.97kB)

==============================================================================

