<html>
<body>
<pre>
<h1>µVision Build Log</h1>
<h2>Project:</h2>
E:\workspace\WPI\Nuvoton\Oscar-Numaker\SampleCode\AudioCodec\Oscar-NuLiteExEnc\KEIL\NuLiteExEnc.uvproj
Project File Date:  11/06/2015

<h2>Output:</h2>
Rebuild target 'NuLiteExEnc'
compiling main.c...
compiling AppFunctions.c...
compiling AppCallback.c...
compiling InputKeyActions.c...
compiling InterruptHandler.c...
compiling Powerdown.c...
compiling I2c0int.c...
compiling system_ISD9100.c...
assembling startup_ISD9100.s...
compiling NuLiteExApp_Decode.c...
compiling NuLiteExApp_Encode.c...
compiling AudioMixer.c...
compiling AudioRom.c...
compiling BufCtrl.c...
compiling ConfigIO.c...
compiling MicSpk.c...
compiling Playback.c...
compiling Record.c...
compiling SPIFlashUtil.c...
compiling SysClk.c...
compiling PdmaCtrl.c...
compiling SPIFlash.c...
compiling Keypad.c...
compiling acmp.c...
compiling adc.c...
compiling biq.c...
compiling bod.c...
compiling capsense.c...
compiling clk.c...
compiling CRC.c...
compiling dpwm.c...
compiling fmc.c...
compiling gpio.c...
compiling i2c.c...
compiling i2s.c...
compiling pdma.c...
compiling pwm.c...
compiling retarget.c...
compiling rtc.c...
compiling spi.c...
compiling sys.c...
compiling talarm.c...
compiling timer.c...
compiling uart.c...
compiling wdt.c...
compiling LY096BG30.c...
linking...
Program Size: Code=19520 RO-data=12608 RW-data=1632 ZI-data=3576  
After Build - User command #1: fromelf --bincombined --output "E:\workspace\WPI\Nuvoton\Oscar-Numaker\SampleCode\AudioCodec\Oscar-NuLiteExEnc\KEIL\NuLiteExEnc\NuLiteExEnc.bin" "E:\workspace\WPI\Nuvoton\Oscar-Numaker\SampleCode\AudioCodec\Oscar-NuLiteExEnc\KEIL\NuLiteExEnc\NuLiteExEnc.axf"
After Build - User command #2: "C:\Nuvoton NuVoice Tool\Utility\PadFile.exe" --size=0x23400 --pad=0xff  "E:\workspace\WPI\Nuvoton\Oscar-Numaker\SampleCode\AudioCodec\Oscar-NuLiteExEnc\KEIL\NuLiteExEnc\NuLiteExEnc.bin"
".\NuLiteExEnc\NuLiteExEnc.axf" - 0 Error(s), 0 Warning(s).
Load "E:\\workspace\\WPI\\Nuvoton\\Oscar-Numaker\\SampleCode\\AudioCodec\\Oscar-NuLiteExEnc\\KEIL\\NuLiteExEnc\\NuLiteExEnc.axf" 
 symbol i2c_novalidack_timeout (referred from ly096bg30.o).
.\NuLiteExEnc\NuLiteExEnc.axf: Error: L6218E: Undefined symbol i2c_unreachable_timeout (referred from ly096bg30.o).
.\NuLiteExEnc\NuLiteExEnc.axf: Error: L6218E: Undefined symbol s_I2C0HandlerFn (referred from ly096bg30.o).
Not enough information to list image symbols.
Finished: 1 information, 0 warning and 10 error messages.
".\NuLiteExEnc\NuLiteExEnc.axf" - 10 Error(s), 0 Warning(s).
Target not created
